Component: ARM Compiler 5.05 update 1 (build 106) Tool: armlink [4d0efa]

==============================================================================

Section Cross References

    main.o(i.MAX30100_Calculate) refers to _printf_percent.o(.ARM.Collect$$_printf_percent$$00000000) for _printf_percent
    main.o(i.MAX30100_Calculate) refers to _printf_d.o(.ARM.Collect$$_printf_percent$$00000009) for _printf_d
    main.o(i.MAX30100_Calculate) refers to _printf_f.o(.ARM.Collect$$_printf_percent$$00000003) for _printf_f
    main.o(i.MAX30100_Calculate) refers to _printf_dec.o(.text) for _printf_int_dec
    main.o(i.MAX30100_Calculate) refers to printf1.o(x$fpl$printf1) for _printf_fp_dec
    main.o(i.MAX30100_Calculate) refers to max30100_pulseoximeter.o(i.POupdate) for POupdate
    main.o(i.MAX30100_Calculate) refers to faddsub_clz.o(x$fpl$fadd) for __aeabi_fadd
    main.o(i.MAX30100_Calculate) refers to fdiv.o(x$fpl$fdiv) for __aeabi_fdiv
    main.o(i.MAX30100_Calculate) refers to fflt_clz.o(x$fpl$ffltu) for __aeabi_ui2f
    main.o(i.MAX30100_Calculate) refers to faddsub_clz.o(x$fpl$fsub) for __aeabi_fsub
    main.o(i.MAX30100_Calculate) refers to fmul.o(x$fpl$fmul) for __aeabi_fmul
    main.o(i.MAX30100_Calculate) refers to f2d.o(x$fpl$f2d) for __aeabi_f2d
    main.o(i.MAX30100_Calculate) refers to noretval__2printf.o(.text) for __2printf
    main.o(i.MAX30100_Calculate) refers to delay.o(i.delay_ms) for delay_ms
    main.o(i.MAX30100_Calculate) refers to noretval__2sprintf.o(.text) for __2sprintf
    main.o(i.MAX30100_Calculate) refers to usart.o(i.Usart_SendString) for Usart_SendString
    main.o(i.MAX30100_Calculate) refers to main.o(.data) for SPO2
    main.o(i.MAX30100_Calculate) refers to main.o(.bss) for string
    main.o(i.MAX30100_Calculate) refers to stm32f10x_it.o(.data) for updata_flag
    main.o(i.main) refers to _printf_percent.o(.ARM.Collect$$_printf_percent$$00000000) for _printf_percent
    main.o(i.main) refers to _printf_s.o(.ARM.Collect$$_printf_percent$$00000014) for _printf_s
    main.o(i.main) refers to _printf_str.o(.text) for _printf_str
    main.o(i.main) refers to delay.o(i.delay_init) for delay_init
    main.o(i.main) refers to usart.o(i.uart1_init) for uart1_init
    main.o(i.main) refers to usart.o(i.uart2_init) for uart2_init
    main.o(i.main) refers to led.o(i.LED_Init) for LED_Init
    main.o(i.main) refers to timer.o(i.Timer2_Init) for Timer2_Init
    main.o(i.main) refers to timer3.o(i.TIM3_Int_Init) for TIM3_Int_Init
    main.o(i.main) refers to oled.o(i.IIC_OLED_Init) for IIC_OLED_Init
    main.o(i.main) refers to oled.o(i.OLED_Init) for OLED_Init
    main.o(i.main) refers to ds1302.o(i.Ds1302_Gpio_Init) for Ds1302_Gpio_Init
    main.o(i.main) refers to adc.o(i.ADCx_Init) for ADCx_Init
    main.o(i.main) refers to myiic.o(i.IIC_Init) for IIC_Init
    main.o(i.main) refers to max30100_pulseoximeter.o(i.SPO2_Init) for SPO2_Init
    main.o(i.main) refers to nvic.o(i.nvic_init) for nvic_init
    main.o(i.main) refers to noretval__2printf.o(.text) for __2printf
    main.o(i.main) refers to oled.o(i.OLED_ON) for OLED_ON
    main.o(i.main) refers to oled.o(i.OLED_CLS) for OLED_CLS
    main.o(i.main) refers to oled.o(i.OLED_ShowCHinese) for OLED_ShowCHinese
    main.o(i.main) refers to usart.o(i.Usart_SendString) for Usart_SendString
    main.o(i.main) refers to delay.o(i.delay_precise_100ms) for delay_precise_100ms
    main.o(i.main) refers to fflt_clz.o(x$fpl$ffltu) for __aeabi_ui2f
    main.o(i.main) refers to fdiv.o(x$fpl$fdiv) for __aeabi_fdiv
    main.o(i.main) refers to fmul.o(x$fpl$fmul) for __aeabi_fmul
    main.o(i.main) refers to main.o(i.MAX30100_Calculate) for MAX30100_Calculate
    main.o(i.main) refers to ds1302.o(i.Ds1302_Readtime) for Ds1302_Readtime
    main.o(i.main) refers to rt_memclr.o(.text) for __aeabi_memclr
    main.o(i.main) refers to adc.o(.data) for ADC_ConvertedValue
    main.o(i.main) refers to main.o(.data) for ADC_ConvertedValueLocal
    main.o(i.main) refers to stm32f10x_it.o(.data) for main_updata
    main.o(i.main) refers to usart.o(.data) for USART1_RX_STA
    main.o(i.main) refers to usart.o(.bss) for USART1_RX_BUF
    stm32f10x_it.o(i.TIM2_IRQHandler) refers to stm32f10x_tim.o(i.TIM_GetITStatus) for TIM_GetITStatus
    stm32f10x_it.o(i.TIM2_IRQHandler) refers to stm32f10x_tim.o(i.TIM_ClearITPendingBit) for TIM_ClearITPendingBit
    stm32f10x_it.o(i.TIM2_IRQHandler) refers to stm32f10x_it.o(.data) for count1
    stm32f10x_it.o(i.TIM2_IRQHandler) refers to main.o(.data) for MAX30100_Calculate_Flag
    delay.o(i.delay_init) refers to misc.o(i.SysTick_CLKSourceConfig) for SysTick_CLKSourceConfig
    delay.o(i.delay_init) refers to system_stm32f10x.o(.data) for SystemCoreClock
    delay.o(i.delay_init) refers to delay.o(.data) for fac_us
    delay.o(i.delay_ms) refers to delay.o(.data) for fac_ms
    delay.o(i.delay_precise_100ms) refers to stm32f10x_it.o(.data) for precise_delay_100ms
    delay.o(i.delay_us) refers to delay.o(.data) for fac_us
[...]
    x$fpl$fnaninf                            0x08004f3a   Section      140  fnaninf.o(x$fpl$fnaninf)
    x$fpl$fretinf                            0x08004fc6   Section       10  fretinf.o(x$fpl$fretinf)
    x$fpl$frleqf                             0x08004fd0   Section       98  frleqf.o(x$fpl$frleqf)
    x$fpl$fsub                               0x08005034   Section      234  faddsub_clz.o(x$fpl$fsub)
    _fsub1                                   0x08005043   Thumb Code     0  faddsub_clz.o(x$fpl$fsub)
    x$fpl$printf1                            0x0800511e   Section        4  printf1.o(x$fpl$printf1)
    x$fpl$retnan                             0x08005122   Section      100  retnan.o(x$fpl$retnan)
    x$fpl$scalbn                             0x08005186   Section       92  scalbn.o(x$fpl$scalbn)
    x$fpl$trapveneer                         0x080051e2   Section       48  trapv.o(x$fpl$trapveneer)
    .constdata                               0x08005212   Section       17  __printf_flags_wp.o(.constdata)
    x$fpl$usenofp                            0x08005212   Section        0  usenofp.o(x$fpl$usenofp)
    maptable                                 0x08005212   Data          17  __printf_flags_wp.o(.constdata)
    .constdata                               0x08005228   Section       56  log.o(.constdata)
    Lg2                                      0x08005228   Data          24  log.o(.constdata)
    Lg                                       0x08005240   Data          32  log.o(.constdata)
    .constdata                               0x08005260   Section        8  qnan.o(.constdata)
    .constdata                               0x08005268   Section      148  bigflt0.o(.constdata)
    tenpwrs_x                                0x08005268   Data          60  bigflt0.o(.constdata)
    tenpwrs_i                                0x080052a4   Data          64  bigflt0.o(.constdata)
    locale$$data                             0x0800531c   Section       28  lc_numeric_c.o(locale$$data)
    __lcnum_c_name                           0x08005320   Data           2  lc_numeric_c.o(locale$$data)
    __lcnum_c_start                          0x08005328   Data           0  lc_numeric_c.o(locale$$data)
    __lcnum_c_point                          0x08005334   Data           0  lc_numeric_c.o(locale$$data)
    __lcnum_c_thousands                      0x08005336   Data           0  lc_numeric_c.o(locale$$data)
    __lcnum_c_grouping                       0x08005337   Data           0  lc_numeric_c.o(locale$$data)
    __lcnum_c_end                            0x08005338   Data           0  lc_numeric_c.o(locale$$data)
    .data                                    0x20000000   Section       76  main.o(.data)
    .data                                    0x2000004c   Section       24  stm32f10x_it.o(.data)
    count1                                   0x20000050   Data           4  stm32f10x_it.o(.data)
    count2                                   0x20000054   Data           4  stm32f10x_it.o(.data)
    count3                                   0x20000058   Data           4  stm32f10x_it.o(.data)
    count4                                   0x2000005c   Data           4  stm32f10x_it.o(.data)
    count5                                   0x20000060   Data           4  stm32f10x_it.o(.data)
    .data                                    0x20000064   Section        4  delay.o(.data)
    fac_us                                   0x20000064   Data           1  delay.o(.data)
    fac_ms                                   0x20000066   Data           2  delay.o(.data)
    .data                                    0x20000068   Section       13  usart.o(.data)
    i                                        0x20000074   Data           1  usart.o(.data)
    .data                                    0x20000076   Section        4  adc.o(.data)
    .data                                    0x2000007a   Section       21  ds1302.o(.data)
    .data                                    0x2000008f   Section      608  oled.o(.data)
    .data                                    0x200002f0   Section        5  max30100.o(.data)
    .data                                    0x200002f8   Section       20  max30100_beatdetector.o(.data)
    .data                                    0x2000030c   Section        8  max30100_filters.o(.data)
    .data                                    0x20000314   Section       51  max30100_pulseoximeter.o(.data)
    .data                                    0x20000348   Section       61  max30100_spo2calculator.o(.data)
    .data                                    0x20000388   Section        4  timer3.o(.data)
    RunTime                                  0x20000388   Data           4  timer3.o(.data)
    .data                                    0x2000038c   Section       20  system_stm32f10x.o(.data)
    .data                                    0x200003a0   Section       20  stm32f10x_rcc.o(.data)
    APBAHBPrescTable                         0x200003a0   Data          16  stm32f10x_rcc.o(.data)
    ADCPrescTable                            0x200003b0   Data           4  stm32f10x_rcc.o(.data)
    .bss                                     0x200003b4   Section      600  main.o(.bss)
    .bss                                     0x2000060c   Section      400  usart.o(.bss)
    .bss                                     0x2000079c   Section       80  network.o(.bss)
    .bss                                     0x200007ec   Section       96  libspace.o(.bss)
    HEAP                                     0x20000850   Section      512  startup_stm32f10x_hd.o(HEAP)
    Heap_Mem                                 0x20000850   Data         512  startup_stm32f10x_hd.o(HEAP)
    STACK                                    0x20000a50   Section     1024  startup_stm32f10x_hd.o(STACK)
    Stack_Mem                                0x20000a50   Data        1024  startup_stm32f10x_hd.o(STACK)
    __initial_sp                             0x20000e50   Data           0  startup_stm32f10x_hd.o(STACK)

    Global Symbols

    Symbol Name                              Value     Ov Type        Size  Object(Section)

    BuildAttributes$$THM_ISAv4$P$D$K$B$S$PE$A:L22UL41UL21$X:L11$S22US41US21$IEEE1$IW$USESV6$~STKCKD$USESV7$~SHL$OTIME$ROPI$IEEEX$EBA8$UX$STANDARDLIB$REQ8$PRES8$EABIv2 0x00000000   Number         0  anon$$obj.o ABSOLUTE
    __ARM_use_no_argv                        0x00000000   Number         0  main.o ABSOLUTE
    _printf_flags                            0x00000000   Number         0  printf_stubs.o ABSOLUTE
    _printf_return_value                     0x00000000   Number         0  printf_stubs.o ABSOLUTE
    _printf_sizespec                         0x00000000   Number         0  printf_stubs.o ABSOLUTE
    _printf_widthprec                        0x00000000   Number         0  printf_stubs.o ABSOLUTE
    __ARM_exceptions_init                     - Undefined Weak Reference
    __alloca_initialize                       - Undefined Weak Reference
    __arm_preinit_                            - Undefined Weak Reference
    __cpp_initialize__aeabi_                  - Undefined Weak Reference
    __cxa_finalize                            - Undefined Weak Reference
    __sigvec_lookup                           - Undefined Weak Reference
    _atexit_init                              - Undefined Weak Reference
    _call_atexit_fns                          - Undefined Weak Reference
    _clock_init                               - Undefined Weak Reference
    _fp_trap_init                             - Undefined Weak Reference
    _fp_trap_shutdown                         - Undefined Weak Reference
    _get_lc_collate                           - Undefined Weak Reference
    _get_lc_ctype                             - Undefined Weak Reference
    _get_lc_monetary                          - Undefined Weak Reference
    _get_lc_time                              - Undefined Weak Reference
    _getenv_init                              - Undefined Weak Reference
    _handle_redirection                       - Undefined Weak Reference
    _init_alloc                               - Undefined Weak Reference
    _init_user_alloc                          - Undefined Weak Reference
    _initio                                   - Undefined Weak Reference
    _mutex_acquire                            - Undefined Weak Reference
    _mutex_release                            - Undefined Weak Reference
    _printf_mbtowc                            - Undefined Weak Reference
    _printf_post_padding                      - Undefined Weak Reference
    _printf_pre_padding                       - Undefined Weak Reference
    _printf_truncate_signed                   - Undefined Weak Reference
    _printf_truncate_unsigned                 - Undefined Weak Reference
    _rand_init                                - Undefined Weak Reference
    _signal_finish                            - Undefined Weak Reference
    _signal_init                              - Undefined Weak Reference
    _terminate_alloc                          - Undefined Weak Reference
    _terminate_user_alloc                     - Undefined Weak Reference
    _terminateio                              - Undefined Weak Reference
    __Vectors_Size                           0x00000130   Number         0  startup_stm32f10x_hd.o ABSOLUTE
    __Vectors                                0x08000000   Data           4  startup_stm32f10x_hd.o(RESET)
    __Vectors_End                            0x08000130   Data           0  startup_stm32f10x_hd.o(RESET)
    __main                                   0x08000131   Thumb Code     8  __main.o(!!!main)
    __scatterload                            0x08000139   Thumb Code     0  __scatter.o(!!!scatter)
    __scatterload_rt2                        0x08000139   Thumb Code    44  __scatter.o(!!!scatter)
    __scatterload_rt2_thumb_only             0x08000139   Thumb Code     0  __scatter.o(!!!scatter)
    __scatterload_null                       0x08000147   Thumb Code     0  __scatter.o(!!!scatter)
    __decompress                             0x0800016d   Thumb Code    90  __dczerorl2.o(!!dczerorl2)
    __decompress1                            0x0800016d   Thumb Code     0  __dczerorl2.o(!!dczerorl2)
    __scatterload_zeroinit                   0x080001c9   Thumb Code    28  __scatter_zi.o(!!handler_zi)
    _printf_f                                0x080001e5   Thumb Code     0  _printf_f.o(.ARM.Collect$$_printf_percent$$00000003)
    _printf_percent                          0x080001e5   Thumb Code     0  _printf_percent.o(.ARM.Collect$$_printf_percent$$00000000)
    _printf_d                                0x080001eb   Thumb Code     0  _printf_d.o(.ARM.Collect$$_printf_percent$$00000009)
    _printf_s                                0x080001f1   Thumb Code     0  _printf_s.o(.ARM.Collect$$_printf_percent$$00000014)
    _printf_percent_end                      0x080001f7   Thumb Code     0  _printf_percent_end.o(.ARM.Collect$$_printf_percent$$00000017)
    __rt_lib_init                            0x080001fb   Thumb Code     0  libinit.o(.ARM.Collect$$libinit$$00000000)
    __rt_lib_init_fp_1                       0x080001fd   Thumb Code     0  libinit2.o(.ARM.Collect$$libinit$$00000002)
    __rt_lib_init_heap_1                     0x080001fd   Thumb Code     0  libinit2.o(.ARM.Collect$$libinit$$0000000A)
    __rt_lib_init_lc_common                  0x080001fd   Thumb Code     0  libinit2.o(.ARM.Collect$$libinit$$0000000F)
    __rt_lib_init_preinit_1                  0x080001fd   Thumb Code     0  libinit2.o(.ARM.Collect$$libinit$$00000004)
    __rt_lib_init_rand_1                     0x080001fd   Thumb Code     0  libinit2.o(.ARM.Collect$$libinit$$0000000E)
    __rt_lib_init_user_alloc_1               0x080001fd   Thumb Code     0  libinit2.o(.ARM.Collect$$libinit$$0000000C)
    __rt_lib_init_lc_collate_1               0x08000203   Thumb Code     0  libinit2.o(.ARM.Collect$$libinit$$00000011)
    __rt_lib_init_lc_ctype_1                 0x08000203   Thumb Code     0  libinit2.o(.ARM.Collect$$libinit$$00000013)
    __rt_lib_init_lc_monetary_1              0x08000203   Thumb Code     0  libinit2.o(.ARM.Collect$$libinit$$00000015)
    __rt_lib_init_lc_numeric_2               0x08000203   Thumb Code     0  libinit2.o(.ARM.Collect$$libinit$$00000016)
    __rt_lib_init_alloca_1                   0x0800020d   Thumb Code     0  libinit2.o(.ARM.Collect$$libinit$$0000002E)
    __rt_lib_init_argv_1                     0x0800020d   Thumb Code     0  libinit2.o(.ARM.Collect$$libinit$$0000002C)
    __rt_lib_init_atexit_1                   0x0800020d   Thumb Code     0  libinit2.o(.ARM.Collect$$libinit$$0000001B)
    __rt_lib_init_clock_1                    0x0800020d   Thumb Code     0  libinit2.o(.ARM.Collect$$libinit$$00000021)
    __rt_lib_init_cpp_1                      0x0800020d   Thumb Code     0  libinit2.o(.ARM.Collect$$libinit$$00000032)
    __rt_lib_init_exceptions_1               0x0800020d   Thumb Code     0  libinit2.o(.ARM.Collect$$libinit$$00000030)
    __rt_lib_init_fp_trap_1                  0x0800020d   Thumb Code     0  libinit2.o(.ARM.Collect$$libinit$$0000001F)
    __rt_lib_init_getenv_1                   0x0800020d   Thumb Code     0  libinit2.o(.ARM.Collect$$libinit$$00000023)
    __rt_lib_init_lc_numeric_1               0x0800020d   Thumb Code     0  libinit2.o(.ARM.Collect$$libinit$$00000017)
    __rt_lib_init_lc_time_1                  0x0800020d   Thumb Code     0  libinit2.o(.ARM.Collect$$libinit$$00000019)
    __rt_lib_init_return                     0x0800020d   Thumb Code     0  libinit2.o(.ARM.Collect$$libinit$$00000033)
    __rt_lib_init_signal_1                   0x0800020d   Thumb Code     0  libinit2.o(.ARM.Collect$$libinit$$0000001D)
    __rt_lib_init_stdio_1                    0x0800020d   Thumb Code     0  libinit2.o(.ARM.Collect$$libinit$$00000025)
    __rt_lib_shutdown                        0x0800020f   Thumb Code     0  libshutdown.o(.ARM.Collect$$libshutdown$$00000000)
    __rt_lib_shutdown_fp_trap_1              0x08000211   Thumb Code     0  libshutdown2.o(.ARM.Collect$$libshutdown$$00000006)
    __rt_lib_shutdown_heap_1                 0x08000211   Thumb Code     0  libshutdown2.o(.ARM.Collect$$libshutdown$$0000000E)
    __rt_lib_shutdown_return                 0x08000211   Thumb Code     0  libshutdown2.o(.ARM.Collect$$libshutdown$$0000000F)
    __rt_lib_shutdown_signal_1               0x08000211   Thumb Code     0  libshutdown2.o(.ARM.Collect$$libshutdown$$00000009)
    __rt_lib_shutdown_stdio_1                0x08000211   Thumb Code     0  libshutdown2.o(.ARM.Collect$$libshutdown$$00000003)
    __rt_lib_shutdown_user_alloc_1           0x08000211   Thumb Code     0  libshutdown2.o(.ARM.Collect$$libshutdown$$0000000B)
    __rt_entry                               0x08000213   Thumb Code     0  __rtentry.o(.ARM.Collect$$rtentry$$00000000)
    __rt_entry_presh_1                       0x08000213   Thumb Code     0  __rtentry2.o(.ARM.Collect$$rtentry$$00000002)
    __rt_entry_sh                            0x08000213   Thumb Code     0  __rtentry4.o(.ARM.Collect$$rtentry$$00000004)
    __rt_entry_li                            0x08000219   Thumb Code     0  __rtentry2.o(.ARM.Collect$$rtentry$$0000000A)
    __rt_entry_postsh_1                      0x08000219   Thumb Code     0  __rtentry2.o(.ARM.Collect$$rtentry$$00000009)
    __rt_entry_main                          0x0800021d   Thumb Code     0  __rtentry2.o(.ARM.Collect$$rtentry$$0000000D)
    __rt_entry_postli_1                      0x0800021d   Thumb Code     0  __rtentry2.o(.ARM.Collect$$rtentry$$0000000C)
    __rt_exit                                0x08000225   Thumb Code     0  rtexit.o(.ARM.Collect$$rtexit$$00000000)
    __rt_exit_ls                             0x08000227   Thumb Code     0  rtexit2.o(.ARM.Collect$$rtexit$$00000003)
    __rt_exit_prels_1                        0x08000227   Thumb Code     0  rtexit2.o(.ARM.Collect$$rtexit$$00000002)
    __rt_exit_exit                           0x0800022b   Thumb Code     0  rtexit2.o(.ARM.Collect$$rtexit$$00000004)
    Reset_Handler                            0x08000231   Thumb Code     8  startup_stm32f10x_hd.o(.text)
    NMI_Handler                              0x08000239   Thumb Code     2  startup_stm32f10x_hd.o(.text)
    HardFault_Handler                        0x0800023b   Thumb Code     2  startup_stm32f10x_hd.o(.text)
    MemManage_Handler                        0x0800023d   Thumb Code     2  startup_stm32f10x_hd.o(.text)
    BusFault_Handler                         0x0800023f   Thumb Code     2  startup_stm32f10x_hd.o(.text)
    UsageFault_Handler                       0x08000241   Thumb Code     2  startup_stm32f10x_hd.o(.text)
    SVC_Handler                              0x08000243   Thumb Code     2  startup_stm32f10x_hd.o(.text)
    DebugMon_Handler                         0x08000245   Thumb Code     2  startup_stm32f10x_hd.o(.text)
    PendSV_Handler                           0x08000247   Thumb Code     2  startup_stm32f10x_hd.o(.text)
    SysTick_Handler                          0x08000249   Thumb Code     2  startup_stm32f10x_hd.o(.text)
    ADC1_2_IRQHandler                        0x0800024b   Thumb Code     0  startup_stm32f10x_hd.o(.text)
    ADC3_IRQHandler                          0x0800024b   Thumb Code     0  startup_stm32f10x_hd.o(.text)
    CAN1_RX1_IRQHandler                      0x0800024b   Thumb Code     0  startup_stm32f10x_hd.o(.text)
    CAN1_SCE_IRQHandler                      0x0800024b   Thumb Code     0  startup_stm32f10x_hd.o(.text)
    DMA1_Channel1_IRQHandler                 0x0800024b   Thumb Code     0  startup_stm32f10x_hd.o(.text)
    DMA1_Channel2_IRQHandler                 0x0800024b   Thumb Code     0  startup_stm32f10x_hd.o(.text)
    DMA1_Channel3_IRQHandler                 0x0800024b   Thumb Code     0  startup_stm32f10x_hd.o(.text)
    DMA1_Channel4_IRQHandler                 0x0800024b   Thumb Code     0  startup_stm32f10x_hd.o(.text)
    DMA1_Channel5_IRQHandler                 0x0800024b   Thumb Code     0  startup_stm32f10x_hd.o(.text)
    DMA1_Channel6_IRQHandler                 0x0800024b   Thumb Code     0  startup_stm32f10x_hd.o(.text)
    DMA1_Channel7_IRQHandler                 0x0800024b   Thumb Code     0  startup_stm32f10x_hd.o(.text)
    DMA2_Channel1_IRQHandler                 0x0800024b   Thumb Code     0  startup_stm32f10x_hd.o(.text)
    DMA2_Channel2_IRQHandler                 0x0800024b   Thumb Code     0  startup_stm32f10x_hd.o(.text)
    DMA2_Channel3_IRQHandler                 0x0800024b   Thumb Code     0  startup_stm32f10x_hd.o(.text)
    DMA2_Channel4_5_IRQHandler               0x0800024b   Thumb Code     0  startup_stm32f10x_hd.o(.text)
    EXTI0_IRQHandler                         0x0800024b   Thumb Code     0  startup_stm32f10x_hd.o(.text)
    EXTI15_10_IRQHandler                     0x0800024b   Thumb Code     0  startup_stm32f10x_hd.o(.text)
    EXTI1_IRQHandler                         0x0800024b   Thumb Code     0  startup_stm32f10x_hd.o(.text)
    EXTI2_IRQHandler                         0x0800024b   Thumb Code     0  startup_stm32f10x_hd.o(.text)
    EXTI3_IRQHandler                         0x0800024b   Thumb Code     0  startup_stm32f10x_hd.o(.text)
    EXTI4_IRQHandler                         0x0800024b   Thumb Code     0  startup_stm32f10x_hd.o(.text)
    EXTI9_5_IRQHandler                       0x0800024b   Thumb Code     0  startup_stm32f10x_hd.o(.text)
    FLASH_IRQHandler                         0x0800024b   Thumb Code     0  startup_stm32f10x_hd.o(.text)
    FSMC_IRQHandler                          0x0800024b   Thumb Code     0  startup_stm32f10x_hd.o(.text)
    I2C1_ER_IRQHandler                       0x0800024b   Thumb Code     0  startup_stm32f10x_hd.o(.text)
    I2C1_EV_IRQHandler                       0x0800024b   Thumb Code     0  startup_stm32f10x_hd.o(.text)
    I2C2_ER_IRQHandler                       0x0800024b   Thumb Code     0  startup_stm32f10x_hd.o(.text)
    I2C2_EV_IRQHandler                       0x0800024b   Thumb Code     0  startup_stm32f10x_hd.o(.text)
    PVD_IRQHandler                           0x0800024b   Thumb Code     0  startup_stm32f10x_hd.o(.text)
    RCC_IRQHandler                           0x0800024b   Thumb Code     0  startup_stm32f10x_hd.o(.text)
    RTCAlarm_IRQHandler                      0x0800024b   Thumb Code     0  startup_stm32f10x_hd.o(.text)
    RTC_IRQHandler                           0x0800024b   Thumb Code     0  startup_stm32f10x_hd.o(.text)
    SDIO_IRQHandler                          0x0800024b   Thumb Code     0  startup_stm32f10x_hd.o(.text)
    SPI1_IRQHandler                          0x0800024b   Thumb Code     0  startup_stm32f10x_hd.o(.text)
    SPI2_IRQHandler                          0x0800024b   Thumb Code     0  startup_stm32f10x_hd.o(.text)
    SPI3_IRQHandler                          0x0800024b   Thumb Code     0  startup_stm32f10x_hd.o(.text)
    TAMPER_IRQHandler                        0x0800024b   Thumb Code     0  startup_stm32f10x_hd.o(.text)
    TIM1_BRK_IRQHandler                      0x0800024b   Thumb Code     0  startup_stm32f10x_hd.o(.text)
    TIM1_CC_IRQHandler                       0x0800024b   Thumb Code     0  startup_stm32f10x_hd.o(.text)
    TIM1_TRG_COM_IRQHandler                  0x0800024b   Thumb Code     0  startup_stm32f10x_hd.o(.text)
    TIM1_UP_IRQHandler                       0x0800024b   Thumb Code     0  startup_stm32f10x_hd.o(.text)
    TIM4_IRQHandler                          0x0800024b   Thumb Code     0  startup_stm32f10x_hd.o(.text)
    TIM5_IRQHandler                          0x0800024b   Thumb Code     0  startup_stm32f10x_hd.o(.text)
    TIM6_IRQHandler                          0x0800024b   Thumb Code     0  startup_stm32f10x_hd.o(.text)
    TIM7_IRQHandler                          0x0800024b   Thumb Code     0  startup_stm32f10x_hd.o(.text)
    TIM8_BRK_IRQHandler                      0x0800024b   Thumb Code     0  startup_stm32f10x_hd.o(.text)
    TIM8_CC_IRQHandler                       0x0800024b   Thumb Code     0  startup_stm32f10x_hd.o(.text)
    TIM8_TRG_COM_IRQHandler                  0x0800024b   Thumb Code     0  startup_stm32f10x_hd.o(.text)
    TIM8_UP_IRQHandler                       0x0800024b   Thumb Code     0  startup_stm32f10x_hd.o(.text)
    UART4_IRQHandler                         0x0800024b   Thumb Code     0  startup_stm32f10x_hd.o(.text)
    UART5_IRQHandler                         0x0800024b   Thumb Code     0  startup_stm32f10x_hd.o(.text)
    USART3_IRQHandler                        0x0800024b   Thumb Code     0  startup_stm32f10x_hd.o(.text)
    USBWakeUp_IRQHandler                     0x0800024b   Thumb Code     0  startup_stm32f10x_hd.o(.text)
    USB_HP_CAN1_TX_IRQHandler                0x0800024b   Thumb Code     0  startup_stm32f10x_hd.o(.text)
    USB_LP_CAN1_RX0_IRQHandler               0x0800024b   Thumb Code     0  startup_stm32f10x_hd.o(.text)
    WWDG_IRQHandler                          0x0800024b   Thumb Code     0  startup_stm32f10x_hd.o(.text)
    __user_initial_stackheap                 0x0800024d   Thumb Code     0  startup_stm32f10x_hd.o(.text)
    __use_no_semihosting                     0x08000271   Thumb Code     2  use_no_semi_2.o(.text)
    __2printf                                0x08000275   Thumb Code    20  noretval__2printf.o(.text)
    __2sprintf                               0x0800028d   Thumb Code    34  noretval__2sprintf.o(.text)
    _printf_str                              0x080002b5   Thumb Code    82  _printf_str.o(.text)
    _printf_int_dec                          0x08000309   Thumb Code   104  _printf_dec.o(.text)
    __printf                                 0x08000381   Thumb Code   308  __printf_flags_wp.o(.text)
    __aeabi_memclr                           0x080004b9   Thumb Code     0  rt_memclr.o(.text)
    __rt_memclr                              0x080004b9   Thumb Code    68  rt_memclr.o(.text)
    _memset                                  0x080004bd   Thumb Code     0  rt_memclr.o(.text)
    __use_two_region_memory                  0x080004fd   Thumb Code     2  heapauxi.o(.text)
    __rt_heap_escrow$2region                 0x080004ff   Thumb Code     2  heapauxi.o(.text)
    __rt_heap_expand$2region                 0x08000501   Thumb Code     2  heapauxi.o(.text)
    __I$use$semihosting                      0x08000503   Thumb Code     0  use_no_semi.o(.text)
    __use_no_semihosting_swi                 0x08000503   Thumb Code     2  use_no_semi.o(.text)
    __read_errno                             0x08000505   Thumb Code    10  _rserrno.o(.text)
    __set_errno                              0x0800050f   Thumb Code    12  _rserrno.o(.text)
    _printf_int_common                       0x0800051b   Thumb Code   178  _printf_intcommon.o(.text)
    __lib_sel_fp_printf                      0x080005cd   Thumb Code     2  _printf_fp_dec.o(.text)
    _printf_fp_dec_real                      0x0800077b   Thumb Code   620  _printf_fp_dec.o(.text)
    _printf_char_common                      0x080009f3   Thumb Code    32  _printf_char_common.o(.text)
    _sputc                                   0x08000a19   Thumb Code    10  _sputc.o(.text)
    _printf_cs_common                        0x08000a23   Thumb Code    20  _printf_char.o(.text)
    _printf_char                             0x08000a37   Thumb Code    16  _printf_char.o(.text)
    _printf_string                           0x08000a47   Thumb Code     8  _printf_char.o(.text)
    _printf_char_file                        0x08000a51   Thumb Code    32  _printf_char_file.o(.text)
    __aeabi_memclr4                          0x08000a75   Thumb Code     0  rt_memclr_w.o(.text)
    __aeabi_memclr8                          0x08000a75   Thumb Code     0  rt_memclr_w.o(.text)
    __rt_memclr_w                            0x08000a75   Thumb Code    78  rt_memclr_w.o(.text)
    _memset_w                                0x08000a79   Thumb Code     0  rt_memclr_w.o(.text)
    __rt_locale                              0x08000ac5   Thumb Code     8  rt_locale_intlibspace.o(.text)
    __aeabi_errno_addr                       0x08000acd   Thumb Code     8  rt_errno_addr_intlibspace.o(.text)
    __errno$intlibspace                      0x08000acd   Thumb Code     0  rt_errno_addr_intlibspace.o(.text)
    __rt_errno_addr$intlibspace              0x08000acd   Thumb Code     0  rt_errno_addr_intlibspace.o(.text)
    _ll_udiv10                               0x08000ad5   Thumb Code   138  lludiv10.o(.text)
    _printf_fp_infnan                        0x08000b61   Thumb Code   112  _printf_fp_infnan.o(.text)
    _btod_etento                             0x08000be1   Thumb Code   216  bigflt0.o(.text)
    ferror                                   0x08000cbd   Thumb Code     8  ferror.o(.text)
    __user_libspace                          0x08000cc5   Thumb Code     8  libspace.o(.text)
    __user_perproc_libspace                  0x08000cc5   Thumb Code     0  libspace.o(.text)
    __user_perthread_libspace                0x08000cc5   Thumb Code     0  libspace.o(.text)
    __user_setup_stackheap                   0x08000ccd   Thumb Code    74  sys_stackheap_outer.o(.text)
    exit                                     0x08000d17   Thumb Code    12  exit.o(.text)
    strcmp                                   0x08000d25   Thumb Code   128  strcmpv7m.o(.text)
    _btod_d2e                                0x08000da5   Thumb Code    62  btod.o(CL$$btod_d2e)
    _d2e_denorm_low                          0x08000de3   Thumb Code    70  btod.o(CL$$btod_d2e_denorm_low)
    _d2e_norm_op1                            0x08000e29   Thumb Code    96  btod.o(CL$$btod_d2e_norm_op1)
    __btod_div_common                        0x08000e89   Thumb Code   696  btod.o(CL$$btod_div_common)
    _e2e                                     0x080011c1   Thumb Code   198  btod.o(CL$$btod_e2e)
    _btod_ediv                               0x08001287   Thumb Code    40  btod.o(CL$$btod_ediv)
    _btod_emul                               0x080012af   Thumb Code    40  btod.o(CL$$btod_emul)
    __btod_mult_common                       0x080012d7   Thumb Code   580  btod.o(CL$$btod_mult_common)
    ADC_Cmd                                  0x0800151b   Thumb Code    22  stm32f10x_adc.o(i.ADC_Cmd)
    ADC_DMACmd                               0x08001531   Thumb Code    22  stm32f10x_adc.o(i.ADC_DMACmd)
    ADC_GetCalibrationStatus                 0x08001547   Thumb Code    20  stm32f10x_adc.o(i.ADC_GetCalibrationStatus)
    ADC_GetResetCalibrationStatus            0x0800155b   Thumb Code    20  stm32f10x_adc.o(i.ADC_GetResetCalibrationStatus)
    ADC_Init                                 0x08001571   Thumb Code    70  stm32f10x_adc.o(i.ADC_Init)
    ADC_RegularChannelConfig                 0x080015c1   Thumb Code   184  stm32f10x_adc.o(i.ADC_RegularChannelConfig)
    ADC_ResetCalibration                     0x08001679   Thumb Code    10  stm32f10x_adc.o(i.ADC_ResetCalibration)
    ADC_SoftwareStartConvCmd                 0x08001683   Thumb Code    22  stm32f10x_adc.o(i.ADC_SoftwareStartConvCmd)
    ADC_StartCalibration                     0x08001699   Thumb Code    10  stm32f10x_adc.o(i.ADC_StartCalibration)
    ADCx_Init                                0x080016c9   Thumb Code    12  adc.o(i.ADCx_Init)
    BeatDetector                             0x080017e9   Thumb Code    28  max30100_beatdetector.o(i.BeatDetector)
    Buff_Read                                0x0800181d   Thumb Code    98  max30100.o(i.Buff_Read)
    DCRemover1                               0x0800187f   Thumb Code     8  max30100_filters.o(i.DCRemover1)
    DMA_Cmd                                  0x08001887   Thumb Code    24  stm32f10x_dma.o(i.DMA_Cmd)
    DMA_DeInit                               0x080018a1   Thumb Code   324  stm32f10x_dma.o(i.DMA_DeInit)
    DMA_Init                                 0x080019ed   Thumb Code    60  stm32f10x_dma.o(i.DMA_Init)
    DisplayChar                              0x08001a29   Thumb Code    22  max30100_pulseoximeter.o(i.DisplayChar)
    DisplayCurve                             0x08001a45   Thumb Code    76  max30100_pulseoximeter.o(i.DisplayCurve)
    Ds1302_Gpio_Init                         0x08001a91   Thumb Code   108  ds1302.o(i.Ds1302_Gpio_Init)
    Ds1302_Read                              0x08001b09   Thumb Code    54  ds1302.o(i.Ds1302_Read)
    Ds1302_ReadByte                          0x08001b4d   Thumb Code    92  ds1302.o(i.Ds1302_ReadByte)
    Ds1302_Readtime                          0x08001bb5   Thumb Code   116  ds1302.o(i.Ds1302_Readtime)
    Ds1302_WriteByte                         0x08001c2d   Thumb Code    94  ds1302.o(i.Ds1302_WriteByte)
    FBstep                                   0x08001c99   Thumb Code    82  max30100_filters.o(i.FBstep)
    GPIO_Init                                0x08001d01   Thumb Code   278  stm32f10x_gpio.o(i.GPIO_Init)
    GPIO_ReadInputDataBit                    0x08001e17   Thumb Code    18  stm32f10x_gpio.o(i.GPIO_ReadInputDataBit)
    GPIO_SetBits                             0x08001e29   Thumb Code     4  stm32f10x_gpio.o(i.GPIO_SetBits)
    IIC_Ack                                  0x08001e2d   Thumb Code    62  myiic.o(i.IIC_Ack)
    IIC_Delay2                               0x08001e79   Thumb Code    18  myiic.o(i.IIC_Delay2)
    IIC_Init                                 0x08001e8d   Thumb Code    52  myiic.o(i.IIC_Init)
    IIC_NAck                                 0x08001ecd   Thumb Code    62  myiic.o(i.IIC_NAck)
    IIC_OLED_Init                            0x08001f19   Thumb Code    38  oled.o(i.IIC_OLED_Init)
    IIC_OLED_Start                           0x08001f45   Thumb Code    52  oled.o(i.IIC_OLED_Start)
    IIC_OLED_Stop                            0x08001f81   Thumb Code    38  oled.o(i.IIC_OLED_Stop)
    IIC_OLED_Wait_Ask                        0x08001fb1   Thumb Code    62  oled.o(i.IIC_OLED_Wait_Ask)
    IIC_OLED_WriteByte                       0x08001ff9   Thumb Code    82  oled.o(i.IIC_OLED_WriteByte)
    IIC_Read_Byte                            0x08002055   Thumb Code    94  myiic.o(i.IIC_Read_Byte)
    IIC_Send_Byte                            0x080020c1   Thumb Code    80  myiic.o(i.IIC_Send_Byte)
    IIC_Start                                0x0800211d   Thumb Code    60  myiic.o(i.IIC_Start)
    IIC_Stop                                 0x08002165   Thumb Code    58  myiic.o(i.IIC_Stop)
    IIC_Wait_Ack                             0x080021ad   Thumb Code    86  myiic.o(i.IIC_Wait_Ack)
    LED_Init                                 0x08002211   Thumb Code    50  led.o(i.LED_Init)
    MAX30100_Calculate                       0x08002249   Thumb Code   302  main.o(i.MAX30100_Calculate)
    NVIC_Init                                0x0800240d   Thumb Code   100  misc.o(i.NVIC_Init)
    NVIC_PriorityGroupConfig                 0x0800247d   Thumb Code    10  misc.o(i.NVIC_PriorityGroupConfig)
    OLED_CLS                                 0x08002491   Thumb Code    10  oled.o(i.OLED_CLS)
    OLED_Fill                                0x0800249b   Thumb Code    58  oled.o(i.OLED_Fill)
    OLED_Init                                0x080024d5   Thumb Code   178  oled.o(i.OLED_Init)
    OLED_ON                                  0x08002587   Thumb Code    22  oled.o(i.OLED_ON)
    OLED_SetPos                              0x0800259d   Thumb Code    40  oled.o(i.OLED_SetPos)
    OLED_ShowCHinese                         0x080025c5   Thumb Code    94  oled.o(i.OLED_ShowCHinese)
    POupdate                                 0x08002629   Thumb Code   270  max30100_pulseoximeter.o(i.POupdate)
    PulseOximeter                            0x0800275d   Thumb Code    40  max30100_pulseoximeter.o(i.PulseOximeter)
    RCC_ADCCLKConfig                         0x080027a5   Thumb Code    18  stm32f10x_rcc.o(i.RCC_ADCCLKConfig)
    RCC_AHBPeriphClockCmd                    0x080027bd   Thumb Code    26  stm32f10x_rcc.o(i.RCC_AHBPeriphClockCmd)
    RCC_APB1PeriphClockCmd                   0x080027dd   Thumb Code    26  stm32f10x_rcc.o(i.RCC_APB1PeriphClockCmd)
    RCC_APB2PeriphClockCmd                   0x080027fd   Thumb Code    26  stm32f10x_rcc.o(i.RCC_APB2PeriphClockCmd)
    RCC_GetClocksFreq                        0x0800281d   Thumb Code   192  stm32f10x_rcc.o(i.RCC_GetClocksFreq)
    Read_One_Byte                            0x080028f1   Thumb Code    78  max30100.o(i.Read_One_Byte)
    SDA_OLED_IN                              0x08002941   Thumb Code    30  oled.o(i.SDA_OLED_IN)
    SDA_OLED_OUT                             0x08002965   Thumb Code    30  oled.o(i.SDA_OLED_OUT)
    SPO2_Init                                0x08002989   Thumb Code   122  max30100_pulseoximeter.o(i.SPO2_Init)
    SPO2update                               0x08002a21   Thumb Code   266  max30100_spo2calculator.o(i.SPO2update)
    SysTick_CLKSourceConfig                  0x08002c39   Thumb Code    40  misc.o(i.SysTick_CLKSourceConfig)
    SystemInit                               0x08002c61   Thumb Code    78  system_stm32f10x.o(i.SystemInit)
    TIM2_IRQHandler                          0x08002cc1   Thumb Code   180  stm32f10x_it.o(i.TIM2_IRQHandler)
    TIM3_IRQHandler                          0x08002da1   Thumb Code    32  timer3.o(i.TIM3_IRQHandler)
    TIM3_Int_Init                            0x08002dc9   Thumb Code    90  timer3.o(i.TIM3_Int_Init)
    TIM_ClearITPendingBit                    0x08002e29   Thumb Code     6  stm32f10x_tim.o(i.TIM_ClearITPendingBit)
    TIM_Cmd                                  0x08002e2f   Thumb Code    24  stm32f10x_tim.o(i.TIM_Cmd)
    TIM_GetITStatus                          0x08002e47   Thumb Code    34  stm32f10x_tim.o(i.TIM_GetITStatus)
    TIM_ITConfig                             0x08002e69   Thumb Code    18  stm32f10x_tim.o(i.TIM_ITConfig)
    TIM_TimeBaseInit                         0x08002e7d   Thumb Code   122  stm32f10x_tim.o(i.TIM_TimeBaseInit)
    Timer2_Init                              0x08002f21   Thumb Code    70  timer.o(i.Timer2_Init)
    USART1_IRQHandler                        0x08002f69   Thumb Code   122  usart.o(i.USART1_IRQHandler)
    USART2_IRQHandler                        0x08002ff1   Thumb Code    78  usart.o(i.USART2_IRQHandler)
    USART_Cmd                                0x0800304d   Thumb Code    24  stm32f10x_usart.o(i.USART_Cmd)
    USART_GetFlagStatus                      0x08003065   Thumb Code    26  stm32f10x_usart.o(i.USART_GetFlagStatus)
    USART_GetITStatus                        0x0800307f   Thumb Code    84  stm32f10x_usart.o(i.USART_GetITStatus)
    USART_ITConfig                           0x080030d3   Thumb Code    74  stm32f10x_usart.o(i.USART_ITConfig)
    USART_Init                               0x0800311d   Thumb Code   210  stm32f10x_usart.o(i.USART_Init)
    USART_ReceiveData                        0x080031f5   Thumb Code    10  stm32f10x_usart.o(i.USART_ReceiveData)
    USART_SendData                           0x080031ff   Thumb Code     8  stm32f10x_usart.o(i.USART_SendData)
    Usart_SendChar                           0x08003207   Thumb Code    30  usart.o(i.Usart_SendChar)
    Usart_SendString                         0x08003225   Thumb Code    28  usart.o(i.Usart_SendString)
    WriteCmd                                 0x08003241   Thumb Code    44  oled.o(i.WriteCmd)
    WriteDat                                 0x0800326d   Thumb Code    44  oled.o(i.WriteDat)
    Write_One_Byte                           0x08003299   Thumb Code    68  max30100.o(i.Write_One_Byte)
    __ARM_fpclassify                         0x080032dd   Thumb Code    40  fpclassify.o(i.__ARM_fpclassify)
    __kernel_poly                            0x08003305   Thumb Code   170  poly.o(i.__kernel_poly)
    __mathlib_dbl_divzero                    0x080033b1   Thumb Code    12  dunder.o(i.__mathlib_dbl_divzero)
    __mathlib_dbl_infnan                     0x080033c1   Thumb Code     6  dunder.o(i.__mathlib_dbl_infnan)
    __mathlib_dbl_invalid                    0x080033c7   Thumb Code    12  dunder.o(i.__mathlib_dbl_invalid)
    _is_digit                                0x080033d3   Thumb Code    14  __printf_wp.o(i._is_digit)
    _sys_exit                                0x080033e1   Thumb Code     6  usart.o(i._sys_exit)
    addSample                                0x080033e7   Thumb Code    12  max30100_beatdetector.o(i.addSample)
    begin                                    0x080033f5   Thumb Code    40  max30100_pulseoximeter.o(i.begin)
    checkForBeat                             0x08003431   Thumb Code   348  max30100_beatdetector.o(i.checkForBeat)
    decreaseThreshold                        0x080035b1   Thumb Code   164  max30100_beatdetector.o(i.decreaseThreshold)
    delay_init                               0x08003675   Thumb Code    50  delay.o(i.delay_init)
    delay_ms                                 0x080036b9   Thumb Code    72  delay.o(i.delay_ms)
    delay_precise_100ms                      0x08003705   Thumb Code    16  delay.o(i.delay_precise_100ms)
    delay_us                                 0x08003719   Thumb Code    72  delay.o(i.delay_us)
    fputc                                    0x08003765   Thumb Code    24  usart.o(i.fputc)
    getRate                                  0x08003781   Thumb Code    48  max30100_beatdetector.o(i.getRate)
    getSpO2                                  0x080037bd   Thumb Code     6  max30100_spo2calculator.o(i.getSpO2)
    log                                      0x080037c9   Thumb Code   808  log.o(i.log)
    main                                     0x08003b25   Thumb Code   302  main.o(i.main)
    millis                                   0x08003cd1   Thumb Code     6  timer3.o(i.millis)
    min                                      0x08003cdd   Thumb Code    14  max30100_beatdetector.o(i.min)
    nvic_init                                0x08003ceb   Thumb Code   102  nvic.o(i.nvic_init)
    onBeatDetected1                          0x08003d51   Thumb Code     2  max30100_pulseoximeter.o(i.onBeatDetected1)
    readFifoData                             0x08003d55   Thumb Code    46  max30100.o(i.readFifoData)
    reset                                    0x08003d8d   Thumb Code    24  max30100_spo2calculator.o(i.reset)
    setHighresModeEnabled                    0x08003db9   Thumb Code    38  max30100.o(i.setHighresModeEnabled)
    setLedsCurrent                           0x08003ddf   Thumb Code    20  max30100.o(i.setLedsCurrent)
    setLedsPulseWidth                        0x08003df3   Thumb Code    28  max30100.o(i.setLedsPulseWidth)
    setMode                                  0x08003e0f   Thumb Code    14  max30100.o(i.setMode)
    setOnBeatDetectedCallback                0x08003e1d   Thumb Code     8  max30100_pulseoximeter.o(i.setOnBeatDetectedCallback)
    setSamplingRate                          0x08003e29   Thumb Code    30  max30100.o(i.setSamplingRate)
    step                                     0x08003e47   Thumb Code    42  max30100_filters.o(i.step)
    uart1_init                               0x08003e71   Thumb Code   124  usart.o(i.uart1_init)
    uart2_init                               0x08003ef5   Thumb Code   138  usart.o(i.uart2_init)
    update                                   0x08003f89   Thumb Code     8  max30100.o(i.update)
    _get_lc_numeric                          0x08003f91   Thumb Code    44  lc_numeric_c.o(locale$$code)
    __aeabi_d2f                              0x08003fbd   Thumb Code     0  d2f.o(x$fpl$d2f)
    _d2f                                     0x08003fbd   Thumb Code    98  d2f.o(x$fpl$d2f)
    __aeabi_dadd                             0x08004021   Thumb Code     0  daddsub_clz.o(x$fpl$dadd)
    _dadd                                    0x08004021   Thumb Code   332  daddsub_clz.o(x$fpl$dadd)
    __fpl_dcheck_NaN1                        0x08004171   Thumb Code    10  dcheck1.o(x$fpl$dcheck1)
    __fpl_dcmp_Inf                           0x08004181   Thumb Code    24  dcmpi.o(x$fpl$dcmpinf)
    __aeabi_ddiv                             0x08004199   Thumb Code     0  ddiv.o(x$fpl$ddiv)
    _ddiv                                    0x08004199   Thumb Code   552  ddiv.o(x$fpl$ddiv)
    __aeabi_cdcmpeq                          0x08004449   Thumb Code     0  deqf.o(x$fpl$deqf)
    _dcmpeq                                  0x08004449   Thumb Code   120  deqf.o(x$fpl$deqf)
    __aeabi_i2d                              0x080044c1   Thumb Code     0  dflt_clz.o(x$fpl$dflt)
    _dflt                                    0x080044c1   Thumb Code    46  dflt_clz.o(x$fpl$dflt)
    __aeabi_ui2d                             0x080044ef   Thumb Code     0  dflt_clz.o(x$fpl$dfltu)
    _dfltu                                   0x080044ef   Thumb Code    38  dflt_clz.o(x$fpl$dfltu)
    __aeabi_cdcmple                          0x08004515   Thumb Code     0  dleqf.o(x$fpl$dleqf)
    _dcmple                                  0x08004515   Thumb Code   120  dleqf.o(x$fpl$dleqf)
    __fpl_dcmple_InfNaN                      0x08004577   Thumb Code     0  dleqf.o(x$fpl$dleqf)
    __aeabi_dmul                             0x0800458d   Thumb Code     0  dmul.o(x$fpl$dmul)
    _dmul                                    0x0800458d   Thumb Code   332  dmul.o(x$fpl$dmul)
    __fpl_dnaninf                            0x080046e1   Thumb Code   156  dnaninf.o(x$fpl$dnaninf)
    __fpl_dretinf                            0x0800477d   Thumb Code    12  dretinf.o(x$fpl$dretinf)
    __aeabi_cdrcmple                         0x08004789   Thumb Code     0  drleqf.o(x$fpl$drleqf)
    _drcmple                                 0x08004789   Thumb Code   108  drleqf.o(x$fpl$drleqf)
    __aeabi_drsub                            0x080047f5   Thumb Code     0  daddsub_clz.o(x$fpl$drsb)
    _drsb                                    0x080047f5   Thumb Code    22  daddsub_clz.o(x$fpl$drsb)
    __aeabi_dsub                             0x0800480d   Thumb Code     0  daddsub_clz.o(x$fpl$dsub)
    _dsub                                    0x0800480d   Thumb Code   464  daddsub_clz.o(x$fpl$dsub)
    __aeabi_f2d                              0x080049e1   Thumb Code     0  f2d.o(x$fpl$f2d)
    _f2d                                     0x080049e1   Thumb Code    86  f2d.o(x$fpl$f2d)
    __aeabi_fadd                             0x08004a39   Thumb Code     0  faddsub_clz.o(x$fpl$fadd)
    _fadd                                    0x08004a39   Thumb Code   196  faddsub_clz.o(x$fpl$fadd)
    __fpl_fcmp_Inf                           0x08004afd   Thumb Code    24  fcmpi.o(x$fpl$fcmpinf)
    __aeabi_fdiv                             0x08004b15   Thumb Code     0  fdiv.o(x$fpl$fdiv)
    _fdiv                                    0x08004b15   Thumb Code   384  fdiv.o(x$fpl$fdiv)
    __aeabi_cfcmpeq                          0x08004c99   Thumb Code     0  feqf.o(x$fpl$feqf)
    _fcmpeq                                  0x08004c99   Thumb Code   104  feqf.o(x$fpl$feqf)
    __aeabi_f2iz                             0x08004d01   Thumb Code     0  ffix.o(x$fpl$ffix)
    _ffix                                    0x08004d01   Thumb Code    54  ffix.o(x$fpl$ffix)
    __aeabi_f2uiz                            0x08004d39   Thumb Code     0  ffixu.o(x$fpl$ffixu)
    _ffixu                                   0x08004d39   Thumb Code    62  ffixu.o(x$fpl$ffixu)
    __aeabi_i2f                              0x08004d79   Thumb Code     0  fflt_clz.o(x$fpl$fflt)
    _fflt                                    0x08004d79   Thumb Code    48  fflt_clz.o(x$fpl$fflt)
    __aeabi_ui2f                             0x08004da9   Thumb Code     0  fflt_clz.o(x$fpl$ffltu)
    _ffltu                                   0x08004da9   Thumb Code    38  fflt_clz.o(x$fpl$ffltu)
    __aeabi_cfcmple                          0x08004dd1   Thumb Code     0  fleqf.o(x$fpl$fleqf)
    _fcmple                                  0x08004dd1   Thumb Code   104  fleqf.o(x$fpl$fleqf)
    __fpl_fcmple_InfNaN                      0x08004e23   Thumb Code     0  fleqf.o(x$fpl$fleqf)
    __aeabi_fmul                             0x08004e39   Thumb Code     0  fmul.o(x$fpl$fmul)
    _fmul                                    0x08004e39   Thumb Code   258  fmul.o(x$fpl$fmul)
    __fpl_fnaninf                            0x08004f3b   Thumb Code   140  fnaninf.o(x$fpl$fnaninf)
    __fpl_fretinf                            0x08004fc7   Thumb Code    10  fretinf.o(x$fpl$fretinf)
    __aeabi_cfrcmple                         0x08004fd1   Thumb Code     0  frleqf.o(x$fpl$frleqf)
    _frcmple                                 0x08004fd1   Thumb Code    98  frleqf.o(x$fpl$frleqf)
    __aeabi_fsub                             0x08005035   Thumb Code     0  faddsub_clz.o(x$fpl$fsub)
    _fsub                                    0x08005035   Thumb Code   234  faddsub_clz.o(x$fpl$fsub)
    _printf_fp_dec                           0x0800511f   Thumb Code     4  printf1.o(x$fpl$printf1)
    __fpl_return_NaN                         0x08005123   Thumb Code   100  retnan.o(x$fpl$retnan)
    __ARM_scalbn                             0x08005187   Thumb Code    92  scalbn.o(x$fpl$scalbn)
    __fpl_cmpreturn                          0x080051e3   Thumb Code    48  trapv.o(x$fpl$trapveneer)
    __I$use$fp                               0x08005212   Number         0  usenofp.o(x$fpl$usenofp)
    __mathlib_zero                           0x08005260   Data           8  qnan.o(.constdata)
    Region$$Table$$Base                      0x080052fc   Number         0  anon$$obj.o(Region$$Table)
    Region$$Table$$Limit                     0x0800531c   Number         0  anon$$obj.o(Region$$Table)
    ADC_ConvertedValueLocal                  0x20000000   Data           8  main.o(.data)
    HeartRate                                0x20000008   Data           1  main.o(.data)
    SPO2                                     0x20000009   Data           1  main.o(.data)
    MAX30100_Calculate_Flag                  0x2000000a   Data           1  main.o(.data)
    MAX30100_Success_Count                   0x2000000b   Data           1  main.o(.data)
    MAX30100_Fail_Count                      0x2000000c   Data           1  main.o(.data)
    i                                        0x20000010   Data           4  main.o(.data)
    j                                        0x20000014   Data           4  main.o(.data)
    x_last                                   0x20000018   Data           4  main.o(.data)
    p_last                                   0x2000001c   Data           4  main.o(.data)
    Q                                        0x20000020   Data           4  main.o(.data)
    R                                        0x20000024   Data           4  main.o(.data)
    kg                                       0x20000028   Data           4  main.o(.data)
    x_mid                                    0x2000002c   Data           4  main.o(.data)
    x_now                                    0x20000030   Data           4  main.o(.data)
    p_mid                                    0x20000034   Data           4  main.o(.data)
    p_now                                    0x20000038   Data           4  main.o(.data)
    z_real                                   0x2000003c   Data           4  main.o(.data)
    z_measure                                0x20000040   Data           4  main.o(.data)
    guangzhao                                0x20000044   Data           4  main.o(.data)
    guangzhao1                               0x20000048   Data           4  main.o(.data)
    updata_flag                              0x2000004c   Data           1  stm32f10x_it.o(.data)
    main_updata                              0x2000004d   Data           1  stm32f10x_it.o(.data)
    precise_delay_100ms                      0x2000004e   Data           2  stm32f10x_it.o(.data)
    __stdout                                 0x20000068   Data           4  usart.o(.data)
    USART1_RX_STA                            0x2000006c   Data           2  usart.o(.data)
    USART2_RX_STA                            0x2000006e   Data           2  usart.o(.data)
    len                                      0x20000070   Data           2  usart.o(.data)
    t                                        0x20000072   Data           2  usart.o(.data)
    ADC_ConvertedValue                       0x20000076   Data           4  adc.o(.data)
    ds1302Data                               0x2000007a   Data           7  ds1302.o(.data)
    ascii_time                               0x20000081   Data           7  ds1302.o(.data)
    bcd_time                                 0x20000088   Data           7  ds1302.o(.data)
    F16x16                                   0x2000008f   Data         128  oled.o(.data)
    Chinese                                  0x2000010f   Data         480  oled.o(.data)
    rawIRValue                               0x200002f0   Data           2  max30100.o(.data)
    rawRedValue                              0x200002f2   Data           2  max30100.o(.data)
    PartID                                   0x200002f4   Data           1  max30100.o(.data)
    Beatstate                                0x200002f8   Data           1  max30100_beatdetector.o(.data)
    threshold                                0x200002fc   Data           4  max30100_beatdetector.o(.data)
    beatPeriod                               0x20000300   Data           4  max30100_beatdetector.o(.data)
    lastMaxValue                             0x20000304   Data           4  max30100_beatdetector.o(.data)
    tsLastBeat                               0x20000308   Data           4  max30100_beatdetector.o(.data)
    v                                        0x2000030c   Data           8  max30100_filters.o(.data)
    onBeatDetected                           0x20000314   Data           4  max30100_pulseoximeter.o(.data)
    state                                    0x20000318   Data           1  max30100_pulseoximeter.o(.data)
    debuggingMode                            0x20000319   Data           1  max30100_pulseoximeter.o(.data)
    tsFirstBeatDetected                      0x2000031c   Data           4  max30100_pulseoximeter.o(.data)
    tsLastBeatDetected                       0x20000320   Data           4  max30100_pulseoximeter.o(.data)
    tsLastSample                             0x20000324   Data           4  max30100_pulseoximeter.o(.data)
    tsLastBiasCheck                          0x20000328   Data           4  max30100_pulseoximeter.o(.data)
    tsLastCurrentAdjustment                  0x2000032c   Data           4  max30100_pulseoximeter.o(.data)
    redLedPower                              0x20000330   Data           1  max30100_pulseoximeter.o(.data)
    irDCRemover                              0x20000334   Data           8  max30100_pulseoximeter.o(.data)
    redDCRemover                             0x2000033c   Data           8  max30100_pulseoximeter.o(.data)
    ID                                       0x20000344   Data           1  max30100_pulseoximeter.o(.data)
    TempINT                                  0x20000345   Data           1  max30100_pulseoximeter.o(.data)
    TempFRAC                                 0x20000346   Data           1  max30100_pulseoximeter.o(.data)
    spO2LUT                                  0x20000348   Data          43  max30100_spo2calculator.o(.data)
    irACValueSqSum                           0x20000374   Data           4  max30100_spo2calculator.o(.data)
    redACValueSqSum                          0x20000378   Data           4  max30100_spo2calculator.o(.data)
    beatsDetectedNum                         0x2000037c   Data           1  max30100_spo2calculator.o(.data)
    samplesRecorded                          0x20000380   Data           4  max30100_spo2calculator.o(.data)
    spO2                                     0x20000384   Data           1  max30100_spo2calculator.o(.data)
    SystemCoreClock                          0x2000038c   Data           4  system_stm32f10x.o(.data)
    AHBPrescTable                            0x20000390   Data          16  system_stm32f10x.o(.data)
    string                                   0x200003b4   Data         100  main.o(.bss)
    MAX30100_HeartRate_Buf                   0x20000418   Data         200  main.o(.bss)
    MAX30100_SPO2_Buf                        0x200004e0   Data         200  main.o(.bss)
    MAX30100_Shang                           0x200005a8   Data         100  main.o(.bss)
    USART1_RX_BUF                            0x2000060c   Data         200  usart.o(.bss)
    USART2_RX_BUF                            0x200006d4   Data         200  usart.o(.bss)
    TXBuffer                                 0x2000079c   Data          50  network.o(.bss)
    RXBuffer                                 0x200007ce   Data          30  network.o(.bss)
    __libspace_start                         0x200007ec   Data          96  libspace.o(.bss)
    __temporary_stack_top$libspace           0x2000084c   Data           0  libspace.o(.bss)



==============================================================================

Memory Map of the image

  Image Entry point : 0x08000231

  Load Region LR_1 (Base: 0x08000000, Size: 0x000056ec, Max: 0xffffffff, ABSOLUTE, COMPRESSED[0x000054d0])

    Execution Region ER_RO (Base: 0x08000000, Size: 0x00005338, Max: 0xffffffff, ABSOLUTE)

    Base Addr    Size         Type   Attr      Idx    E Section Name        Object

    0x08000000   0x00000130   Data   RO         1250    RESET               startup_stm32f10x_hd.o
    0x08000130   0x00000008   Code   RO         3437  * !!!main             c_w.l(__main.o)
    0x08000138   0x00000034   Code   RO         3774    !!!scatter          c_w.l(__scatter.o)
    0x0800016c   0x0000005a   Code   RO         3772    !!dczerorl2         c_w.l(__dczerorl2.o)
    0x080001c6   0x00000002   PAD
    0x080001c8   0x0000001c   Code   RO         3776    !!handler_zi        c_w.l(__scatter_zi.o)
    0x080001e4   0x00000000   Code   RO         3430    .ARM.Collect$$_printf_percent$$00000000  c_w.l(_printf_percent.o)
    0x080001e4   0x00000006   Code   RO         3429    .ARM.Collect$$_printf_percent$$00000003  c_w.l(_printf_f.o)
    0x080001ea   0x00000006   Code   RO         3428    .ARM.Collect$$_printf_percent$$00000009  c_w.l(_printf_d.o)
    0x080001f0   0x00000006   Code   RO         3427    .ARM.Collect$$_printf_percent$$00000014  c_w.l(_printf_s.o)
    0x080001f6   0x00000004   Code   RO         3524    .ARM.Collect$$_printf_percent$$00000017  c_w.l(_printf_percent_end.o)
    0x080001fa   0x00000002   Code   RO         3646    .ARM.Collect$$libinit$$00000000  c_w.l(libinit.o)
    0x080001fc   0x00000000   Code   RO         3648    .ARM.Collect$$libinit$$00000002  c_w.l(libinit2.o)
    0x080001fc   0x00000000   Code   RO         3650    .ARM.Collect$$libinit$$00000004  c_w.l(libinit2.o)
    0x080001fc   0x00000000   Code   RO         3653    .ARM.Collect$$libinit$$0000000A  c_w.l(libinit2.o)
    0x080001fc   0x00000000   Code   RO         3655    .ARM.Collect$$libinit$$0000000C  c_w.l(libinit2.o)
    0x080001fc   0x00000000   Code   RO         3657    .ARM.Collect$$libinit$$0000000E  c_w.l(libinit2.o)
    0x080001fc   0x00000006   Code   RO         3658    .ARM.Collect$$libinit$$0000000F  c_w.l(libinit2.o)
    0x08000202   0x00000000   Code   RO         3660    .ARM.Collect$$libinit$$00000011  c_w.l(libinit2.o)
    0x08000202   0x00000000   Code   RO         3662    .ARM.Collect$$libinit$$00000013  c_w.l(libinit2.o)
    0x08000202   0x00000000   Code   RO         3664    .ARM.Collect$$libinit$$00000015  c_w.l(libinit2.o)
    0x08000202   0x0000000a   Code   RO         3665    .ARM.Collect$$libinit$$00000016  c_w.l(libinit2.o)
    0x0800020c   0x00000000   Code   RO         3666    .ARM.Collect$$libinit$$00000017  c_w.l(libinit2.o)
    0x0800020c   0x00000000   Code   RO         3668    .ARM.Collect$$libinit$$00000019  c_w.l(libinit2.o)
    0x0800020c   0x00000000   Code   RO         3670    .ARM.Collect$$libinit$$0000001B  c_w.l(libinit2.o)
    0x0800020c   0x00000000   Code   RO         3672    .ARM.Collect$$libinit$$0000001D  c_w.l(libinit2.o)
    0x0800020c   0x00000000   Code   RO         3674    .ARM.Collect$$libinit$$0000001F  c_w.l(libinit2.o)
    0x0800020c   0x00000000   Code   RO         3676    .ARM.Collect$$libinit$$00000021  c_w.l(libinit2.o)
    0x0800020c   0x00000000   Code   RO         3678    .ARM.Collect$$libinit$$00000023  c_w.l(libinit2.o)
    0x0800020c   0x00000000   Code   RO         3680    .ARM.Collect$$libinit$$00000025  c_w.l(libinit2.o)
    0x0800020c   0x00000000   Code   RO         3684    .ARM.Collect$$libinit$$0000002C  c_w.l(libinit2.o)
    0x0800020c   0x00000000   Code   RO         3686    .ARM.Collect$$libinit$$0000002E  c_w.l(libinit2.o)
    0x0800020c   0x00000000   Code   RO         3688    .ARM.Collect$$libinit$$00000030  c_w.l(libinit2.o)
    0x0800020c   0x00000000   Code   RO         3690    .ARM.Collect$$libinit$$00000032  c_w.l(libinit2.o)
    0x0800020c   0x00000002   Code   RO         3691    .ARM.Collect$$libinit$$00000033  c_w.l(libinit2.o)
    0x0800020e   0x00000002   Code   RO         3723    .ARM.Collect$$libshutdown$$00000000  c_w.l(libshutdown.o)
    0x08000210   0x00000000   Code   RO         3733    .ARM.Collect$$libshutdown$$00000003  c_w.l(libshutdown2.o)
    0x08000210   0x00000000   Code   RO         3736    .ARM.Collect$$libshutdown$$00000006  c_w.l(libshutdown2.o)
    0x08000210   0x00000000   Code   RO         3739    .ARM.Collect$$libshutdown$$00000009  c_w.l(libshutdown2.o)
    0x08000210   0x00000000   Code   RO         3741    .ARM.Collect$$libshutdown$$0000000B  c_w.l(libshutdown2.o)
    0x08000210   0x00000000   Code   RO         3744    .ARM.Collect$$libshutdown$$0000000E  c_w.l(libshutdown2.o)
    0x08000210   0x00000002   Code   RO         3745    .ARM.Collect$$libshutdown$$0000000F  c_w.l(libshutdown2.o)
    0x08000212   0x00000000   Code   RO         3509    .ARM.Collect$$rtentry$$00000000  c_w.l(__rtentry.o)
    0x08000212   0x00000000   Code   RO         3562    .ARM.Collect$$rtentry$$00000002  c_w.l(__rtentry2.o)
    0x08000212   0x00000006   Code   RO         3574    .ARM.Collect$$rtentry$$00000004  c_w.l(__rtentry4.o)
    0x08000218   0x00000000   Code   RO         3564    .ARM.Collect$$rtentry$$00000009  c_w.l(__rtentry2.o)
    0x08000218   0x00000004   Code   RO         3565    .ARM.Collect$$rtentry$$0000000A  c_w.l(__rtentry2.o)
    0x0800021c   0x00000000   Code   RO         3567    .ARM.Collect$$rtentry$$0000000C  c_w.l(__rtentry2.o)
    0x0800021c   0x00000008   Code   RO         3568    .ARM.Collect$$rtentry$$0000000D  c_w.l(__rtentry2.o)
    0x08000224   0x00000002   Code   RO         3694    .ARM.Collect$$rtexit$$00000000  c_w.l(rtexit.o)
    0x08000226   0x00000000   Code   RO         3703    .ARM.Collect$$rtexit$$00000002  c_w.l(rtexit2.o)
    0x08000226   0x00000004   Code   RO         3704    .ARM.Collect$$rtexit$$00000003  c_w.l(rtexit2.o)
    0x0800022a   0x00000006   Code   RO         3705    .ARM.Collect$$rtexit$$00000004  c_w.l(rtexit2.o)
    0x08000230   0x00000040   Code   RO         1251  * .text               startup_stm32f10x_hd.o
    0x08000270   0x00000002   Code   RO         3391    .text               c_w.l(use_no_semi_2.o)
    0x08000272   0x00000002   PAD
    0x08000274   0x00000018   Code   RO         3397    .text               c_w.l(noretval__2printf.o)
    0x0800028c   0x00000028   Code   RO         3399    .text               c_w.l(noretval__2sprintf.o)
    0x080002b4   0x00000052   Code   RO         3403    .text               c_w.l(_printf_str.o)
    0x08000306   0x00000002   PAD
    0x08000308   0x00000078   Code   RO         3405    .text               c_w.l(_printf_dec.o)
    0x08000380   0x00000138   Code   RO         3419    .text               c_w.l(__printf_flags_wp.o)
    0x080004b8   0x00000044   Code   RO         3433    .text               c_w.l(rt_memclr.o)
    0x080004fc   0x00000006   Code   RO         3435    .text               c_w.l(heapauxi.o)
    0x08000502   0x00000002   Code   RO         3507    .text               c_w.l(use_no_semi.o)
    0x08000504   0x00000016   Code   RO         3510    .text               c_w.l(_rserrno.o)
    0x0800051a   0x000000b2   Code   RO         3512    .text               c_w.l(_printf_intcommon.o)
    0x080005cc   0x0000041a   Code   RO         3514    .text               c_w.l(_printf_fp_dec.o)
    0x080009e6   0x00000002   PAD
    0x080009e8   0x00000030   Code   RO         3516    .text               c_w.l(_printf_char_common.o)
    0x08000a18   0x0000000a   Code   RO         3518    .text               c_w.l(_sputc.o)
    0x08000a22   0x0000002c   Code   RO         3520    .text               c_w.l(_printf_char.o)
    0x08000a4e   0x00000002   PAD
    0x08000a50   0x00000024   Code   RO         3522    .text               c_w.l(_printf_char_file.o)
    0x08000a74   0x0000004e   Code   RO         3525    .text               c_w.l(rt_memclr_w.o)
    0x08000ac2   0x00000002   PAD
    0x08000ac4   0x00000008   Code   RO         3579    .text               c_w.l(rt_locale_intlibspace.o)
    0x08000acc   0x00000008   Code   RO         3584    .text               c_w.l(rt_errno_addr_intlibspace.o)
    0x08000ad4   0x0000008a   Code   RO         3586    .text               c_w.l(lludiv10.o)
    0x08000b5e   0x00000002   PAD
    0x08000b60   0x00000080   Code   RO         3588    .text               c_w.l(_printf_fp_infnan.o)
    0x08000be0   0x000000dc   Code   RO         3592    .text               c_w.l(bigflt0.o)
    0x08000cbc   0x00000008   Code   RO         3617    .text               c_w.l(ferror.o)
    0x08000cc4   0x00000008   Code   RO         3632    .text               c_w.l(libspace.o)
    0x08000ccc   0x0000004a   Code   RO         3635    .text               c_w.l(sys_stackheap_outer.o)
    0x08000d16   0x0000000c   Code   RO         3637    .text               c_w.l(exit.o)
    0x08000d22   0x00000002   PAD
    0x08000d24   0x00000080   Code   RO         3639    .text               c_w.l(strcmpv7m.o)
    0x08000da4   0x0000003e   Code   RO         3595    CL$$btod_d2e        c_w.l(btod.o)
    0x08000de2   0x00000046   Code   RO         3597    CL$$btod_d2e_denorm_low  c_w.l(btod.o)
    0x08000e28   0x00000060   Code   RO         3596    CL$$btod_d2e_norm_op1  c_w.l(btod.o)
    0x08000e88   0x00000338   Code   RO         3605    CL$$btod_div_common  c_w.l(btod.o)
    0x080011c0   0x000000c6   Code   RO         3602    CL$$btod_e2e        c_w.l(btod.o)
    0x08001286   0x00000028   Code   RO         3599    CL$$btod_ediv       c_w.l(btod.o)
    0x080012ae   0x00000028   Code   RO         3598    CL$$btod_emul       c_w.l(btod.o)
    0x080012d6   0x00000244   Code   RO         3604    CL$$btod_mult_common  c_w.l(btod.o)
    0x0800151a   0x00000016   Code   RO         1297    i.ADC_Cmd           stm32f10x_adc.o
    0x08001530   0x00000016   Code   RO         1298    i.ADC_DMACmd        stm32f10x_adc.o
    0x08001546   0x00000014   Code   RO         1305    i.ADC_GetCalibrationStatus  stm32f10x_adc.o
    0x0800155a   0x00000014   Code   RO         1311    i.ADC_GetResetCalibrationStatus  stm32f10x_adc.o
    0x0800156e   0x00000002   PAD
    0x08001570   0x00000050   Code   RO         1315    i.ADC_Init          stm32f10x_adc.o
    0x080015c0   0x000000b8   Code   RO         1319    i.ADC_RegularChannelConfig  stm32f10x_adc.o
    0x08001678   0x0000000a   Code   RO         1320    i.ADC_ResetCalibration  stm32f10x_adc.o
    0x08001682   0x00000016   Code   RO         1322    i.ADC_SoftwareStartConvCmd  stm32f10x_adc.o
    0x08001698   0x0000000a   Code   RO         1324    i.ADC_StartCalibration  stm32f10x_adc.o
    0x080016a2   0x00000002   PAD
    0x080016a4   0x00000024   Code   RO          417    i.ADCx_GPIO_Config  adc.o
    0x080016c8   0x0000000c   Code   RO          418    i.ADCx_Init         adc.o
    0x080016d4   0x000000fc   Code   RO          419    i.ADCx_Mode_Config  adc.o
    0x080017d0   0x00000016   Code   RO          461    i.BcdToAscii        ds1302.o
    0x080017e6   0x00000002   PAD
    0x080017e8   0x00000034   Code   RO          872    i.BeatDetector      max30100_beatdetector.o
    0x0800181c   0x00000062   Code   RO          788    i.Buff_Read         max30100.o
    0x0800187e   0x00000008   Code   RO          930    i.DCRemover1        max30100_filters.o
    0x08001886   0x00000018   Code   RO         3319    i.DMA_Cmd           stm32f10x_dma.o
    0x0800189e   0x00000002   PAD
    0x080018a0   0x0000014c   Code   RO         3320    i.DMA_DeInit        stm32f10x_dma.o
    0x080019ec   0x0000003c   Code   RO         3325    i.DMA_Init          stm32f10x_dma.o
    0x08001a28   0x0000001c   Code   RO          978    i.DisplayChar       max30100_pulseoximeter.o
    0x08001a44   0x0000004c   Code   RO          979    i.DisplayCurve      max30100_pulseoximeter.o
    0x08001a90   0x00000078   Code   RO          462    i.Ds1302_Gpio_Init  ds1302.o
    0x08001b08   0x00000044   Code   RO          463    i.Ds1302_Read       ds1302.o
    0x08001b4c   0x00000068   Code   RO          464    i.Ds1302_ReadByte   ds1302.o
    0x08001bb4   0x00000078   Code   RO          465    i.Ds1302_Readtime   ds1302.o
    0x08001c2c   0x0000006c   Code   RO          467    i.Ds1302_WriteByte  ds1302.o
    0x08001c98   0x00000068   Code   RO          932    i.FBstep            max30100_filters.o
    0x08001d00   0x00000116   Code   RO         1597    i.GPIO_Init         stm32f10x_gpio.o
    0x08001e16   0x00000012   Code   RO         1601    i.GPIO_ReadInputDataBit  stm32f10x_gpio.o
    0x08001e28   0x00000004   Code   RO         1605    i.GPIO_SetBits      stm32f10x_gpio.o
    0x08001e2c   0x0000004c   Code   RO         1112    i.IIC_Ack           myiic.o
    0x08001e78   0x00000012   Code   RO         1114    i.IIC_Delay2        myiic.o
    0x08001e8a   0x00000002   PAD
    0x08001e8c   0x00000040   Code   RO         1115    i.IIC_Init          myiic.o
    0x08001ecc   0x0000004c   Code   RO         1116    i.IIC_NAck          myiic.o
    0x08001f18   0x0000002c   Code   RO          673    i.IIC_OLED_Init     oled.o
    0x08001f44   0x0000003c   Code   RO          675    i.IIC_OLED_Start    oled.o
    0x08001f80   0x00000030   Code   RO          676    i.IIC_OLED_Stop     oled.o
    0x08001fb0   0x00000048   Code   RO          677    i.IIC_OLED_Wait_Ask  oled.o
    0x08001ff8   0x0000005c   Code   RO          678    i.IIC_OLED_WriteByte  oled.o
    0x08002054   0x0000006c   Code   RO         1117    i.IIC_Read_Byte     myiic.o
    0x080020c0   0x0000005c   Code   RO         1118    i.IIC_Send_Byte     myiic.o
    0x0800211c   0x00000048   Code   RO         1119    i.IIC_Start         myiic.o
    0x08002164   0x00000048   Code   RO         1120    i.IIC_Stop          myiic.o
    0x080021ac   0x00000064   Code   RO         1121    i.IIC_Wait_Ack      myiic.o
    0x08002210   0x00000038   Code   RO          405    i.LED_Init          led.o
    0x08002248   0x000001c4   Code   RO            1    i.MAX30100_Calculate  main.o
    0x0800240c   0x00000070   Code   RO         1255    i.NVIC_Init         misc.o
    0x0800247c   0x00000014   Code   RO         1256    i.NVIC_PriorityGroupConfig  misc.o
    0x08002490   0x0000000a   Code   RO          679    i.OLED_CLS          oled.o
    0x0800249a   0x0000003a   Code   RO          680    i.OLED_Fill         oled.o
    0x080024d4   0x000000b2   Code   RO          681    i.OLED_Init         oled.o
    0x08002586   0x00000016   Code   RO          682    i.OLED_ON           oled.o
    0x0800259c   0x00000028   Code   RO          683    i.OLED_SetPos       oled.o
    0x080025c4   0x00000064   Code   RO          684    i.OLED_ShowCHinese  oled.o
    0x08002628   0x00000134   Code   RO          981    i.POupdate          max30100_pulseoximeter.o
    0x0800275c   0x00000048   Code   RO          982    i.PulseOximeter     max30100_pulseoximeter.o
    0x080027a4   0x00000018   Code   RO         1969    i.RCC_ADCCLKConfig  stm32f10x_rcc.o
    0x080027bc   0x00000020   Code   RO         1970    i.RCC_AHBPeriphClockCmd  stm32f10x_rcc.o
    0x080027dc   0x00000020   Code   RO         1971    i.RCC_APB1PeriphClockCmd  stm32f10x_rcc.o
    0x080027fc   0x00000020   Code   RO         1973    i.RCC_APB2PeriphClockCmd  stm32f10x_rcc.o
    0x0800281c   0x000000d4   Code   RO         1981    i.RCC_GetClocksFreq  stm32f10x_rcc.o
    0x080028f0   0x0000004e   Code   RO          790    i.Read_One_Byte     max30100.o
    0x0800293e   0x00000002   PAD
    0x08002940   0x00000024   Code   RO          686    i.SDA_OLED_IN       oled.o
    0x08002964   0x00000024   Code   RO          687    i.SDA_OLED_OUT      oled.o
    0x08002988   0x00000098   Code   RO          983    i.SPO2_Init         max30100_pulseoximeter.o
    0x08002a20   0x00000130   Code   RO         1072    i.SPO2update        max30100_spo2calculator.o
    0x08002b50   0x00000008   Code   RO         1204    i.SetSysClock       system_stm32f10x.o
    0x08002b58   0x000000e0   Code   RO         1205    i.SetSysClockTo72   system_stm32f10x.o
    0x08002c38   0x00000028   Code   RO         1259    i.SysTick_CLKSourceConfig  misc.o
    0x08002c60   0x00000060   Code   RO         1207    i.SystemInit        system_stm32f10x.o
    0x08002cc0   0x000000e0   Code   RO          183    i.TIM2_IRQHandler   stm32f10x_it.o
    0x08002da0   0x00000028   Code   RO         1178    i.TIM3_IRQHandler   timer3.o
    0x08002dc8   0x00000060   Code   RO         1179    i.TIM3_Int_Init     timer3.o
    0x08002e28   0x00000006   Code   RO         2600    i.TIM_ClearITPendingBit  stm32f10x_tim.o
    0x08002e2e   0x00000018   Code   RO         2605    i.TIM_Cmd           stm32f10x_tim.o
    0x08002e46   0x00000022   Code   RO         2626    i.TIM_GetITStatus   stm32f10x_tim.o
    0x08002e68   0x00000012   Code   RO         2630    i.TIM_ITConfig      stm32f10x_tim.o
    0x08002e7a   0x00000002   PAD
    0x08002e7c   0x000000a4   Code   RO         2676    i.TIM_TimeBaseInit  stm32f10x_tim.o
    0x08002f20   0x00000046   Code   RO          387    i.Timer2_Init       timer.o
    0x08002f66   0x00000002   PAD
    0x08002f68   0x00000088   Code   RO          297    i.USART1_IRQHandler  usart.o
    0x08002ff0   0x0000005c   Code   RO          298    i.USART2_IRQHandler  usart.o
    0x0800304c   0x00000018   Code   RO         3141    i.USART_Cmd         stm32f10x_usart.o
    0x08003064   0x0000001a   Code   RO         3144    i.USART_GetFlagStatus  stm32f10x_usart.o
    0x0800307e   0x00000054   Code   RO         3145    i.USART_GetITStatus  stm32f10x_usart.o
    0x080030d2   0x0000004a   Code   RO         3147    i.USART_ITConfig    stm32f10x_usart.o
    0x0800311c   0x000000d8   Code   RO         3148    i.USART_Init        stm32f10x_usart.o
    0x080031f4   0x0000000a   Code   RO         3155    i.USART_ReceiveData  stm32f10x_usart.o
    0x080031fe   0x00000008   Code   RO         3158    i.USART_SendData    stm32f10x_usart.o
    0x08003206   0x0000001e   Code   RO          299    i.Usart_SendChar    usart.o
    0x08003224   0x0000001c   Code   RO          300    i.Usart_SendString  usart.o
    0x08003240   0x0000002c   Code   RO          688    i.WriteCmd          oled.o
    0x0800326c   0x0000002c   Code   RO          689    i.WriteDat          oled.o
    0x08003298   0x00000044   Code   RO          791    i.Write_One_Byte    max30100.o
    0x080032dc   0x00000028   Code   RO         3630    i.__ARM_fpclassify  m_ws.l(fpclassify.o)
    0x08003304   0x000000aa   Code   RO         3558    i.__kernel_poly     m_ws.l(poly.o)
    0x080033ae   0x00000002   PAD
    0x080033b0   0x00000010   Code   RO         3544    i.__mathlib_dbl_divzero  m_ws.l(dunder.o)
    0x080033c0   0x00000006   Code   RO         3545    i.__mathlib_dbl_infnan  m_ws.l(dunder.o)
    0x080033c6   0x0000000c   Code   RO         3547    i.__mathlib_dbl_invalid  m_ws.l(dunder.o)
    0x080033d2   0x0000000e   Code   RO         3417    i._is_digit         c_w.l(__printf_wp.o)
    0x080033e0   0x00000006   Code   RO          301    i._sys_exit         usart.o
    0x080033e6   0x0000000c   Code   RO          873    i.addSample         max30100_beatdetector.o
    0x080033f2   0x00000002   PAD
    0x080033f4   0x0000003c   Code   RO          984    i.begin             max30100_pulseoximeter.o
    0x08003430   0x00000180   Code   RO          874    i.checkForBeat      max30100_beatdetector.o
    0x080035b0   0x000000c4   Code   RO          875    i.decreaseThreshold  max30100_beatdetector.o
    0x08003674   0x00000044   Code   RO          232    i.delay_init        delay.o
    0x080036b8   0x0000004c   Code   RO          233    i.delay_ms          delay.o
    0x08003704   0x00000014   Code   RO          234    i.delay_precise_100ms  delay.o
    0x08003718   0x0000004c   Code   RO          235    i.delay_us          delay.o
    0x08003764   0x0000001c   Code   RO          302    i.fputc             usart.o
    0x08003780   0x0000003c   Code   RO          877    i.getRate           max30100_beatdetector.o
    0x080037bc   0x0000000c   Code   RO         1074    i.getSpO2           max30100_spo2calculator.o
    0x080037c8   0x0000035c   Code   RO         3498    i.log               m_ws.l(log.o)
    0x08003b24   0x000001ac   Code   RO            2    i.main              main.o
    0x08003cd0   0x0000000c   Code   RO         1180    i.millis            timer3.o
    0x08003cdc   0x0000000e   Code   RO          878    i.min               max30100_beatdetector.o
    0x08003cea   0x00000066   Code   RO          375    i.nvic_init         nvic.o
    0x08003d50   0x00000002   Code   RO          989    i.onBeatDetected1   max30100_pulseoximeter.o
    0x08003d52   0x00000002   PAD
    0x08003d54   0x00000038   Code   RO          793    i.readFifoData      max30100.o
    0x08003d8c   0x0000002c   Code   RO         1075    i.reset             max30100_spo2calculator.o
    0x08003db8   0x00000026   Code   RO          794    i.setHighresModeEnabled  max30100.o
    0x08003dde   0x00000014   Code   RO          795    i.setLedsCurrent    max30100.o
    0x08003df2   0x0000001c   Code   RO          796    i.setLedsPulseWidth  max30100.o
    0x08003e0e   0x0000000e   Code   RO          797    i.setMode           max30100.o
    0x08003e1c   0x0000000c   Code   RO          990    i.setOnBeatDetectedCallback  max30100_pulseoximeter.o
    0x08003e28   0x0000001e   Code   RO          798    i.setSamplingRate   max30100.o
    0x08003e46   0x0000002a   Code   RO          935    i.step              max30100_filters.o
    0x08003e70   0x00000084   Code   RO          305    i.uart1_init        usart.o
    0x08003ef4   0x00000094   Code   RO          306    i.uart2_init        usart.o
    0x08003f88   0x00000008   Code   RO          799    i.update            max30100.o
    0x08003f90   0x0000002c   Code   RO         3622    locale$$code        c_w.l(lc_numeric_c.o)
    0x08003fbc   0x00000062   Code   RO         3439    x$fpl$d2f           fz_ws.l(d2f.o)
    0x0800401e   0x00000002   PAD
    0x08004020   0x00000150   Code   RO         3441    x$fpl$dadd          fz_ws.l(daddsub_clz.o)
    0x08004170   0x00000010   Code   RO         3624    x$fpl$dcheck1       fz_ws.l(dcheck1.o)
    0x08004180   0x00000018   Code   RO         3626    x$fpl$dcmpinf       fz_ws.l(dcmpi.o)
    0x08004198   0x000002b0   Code   RO         3448    x$fpl$ddiv          fz_ws.l(ddiv.o)
    0x08004448   0x00000078   Code   RO         3527    x$fpl$deqf          fz_ws.l(deqf.o)
    0x080044c0   0x0000002e   Code   RO         3452    x$fpl$dflt          fz_ws.l(dflt_clz.o)
    0x080044ee   0x00000026   Code   RO         3451    x$fpl$dfltu         fz_ws.l(dflt_clz.o)
    0x08004514   0x00000078   Code   RO         3529    x$fpl$dleqf         fz_ws.l(dleqf.o)
    0x0800458c   0x00000154   Code   RO         3457    x$fpl$dmul          fz_ws.l(dmul.o)
    0x080046e0   0x0000009c   Code   RO         3531    x$fpl$dnaninf       fz_ws.l(dnaninf.o)
    0x0800477c   0x0000000c   Code   RO         3533    x$fpl$dretinf       fz_ws.l(dretinf.o)
    0x08004788   0x0000006c   Code   RO         3459    x$fpl$drleqf        fz_ws.l(drleqf.o)
    0x080047f4   0x00000016   Code   RO         3442    x$fpl$drsb          fz_ws.l(daddsub_clz.o)
    0x0800480a   0x00000002   PAD
    0x0800480c   0x000001d4   Code   RO         3443    x$fpl$dsub          fz_ws.l(daddsub_clz.o)
    0x080049e0   0x00000056   Code   RO         3461    x$fpl$f2d           fz_ws.l(f2d.o)
    0x08004a36   0x00000002   PAD
    0x08004a38   0x000000c4   Code   RO         3463    x$fpl$fadd          fz_ws.l(faddsub_clz.o)
    0x08004afc   0x00000018   Code   RO         3535    x$fpl$fcmpinf       fz_ws.l(fcmpi.o)
    0x08004b14   0x00000184   Code   RO         3470    x$fpl$fdiv          fz_ws.l(fdiv.o)
    0x08004c98   0x00000068   Code   RO         3473    x$fpl$feqf          fz_ws.l(feqf.o)
    0x08004d00   0x00000036   Code   RO         3475    x$fpl$ffix          fz_ws.l(ffix.o)
    0x08004d36   0x00000002   PAD
    0x08004d38   0x0000003e   Code   RO         3479    x$fpl$ffixu         fz_ws.l(ffixu.o)
    0x08004d76   0x00000002   PAD
    0x08004d78   0x00000030   Code   RO         3484    x$fpl$fflt          fz_ws.l(fflt_clz.o)
    0x08004da8   0x00000026   Code   RO         3483    x$fpl$ffltu         fz_ws.l(fflt_clz.o)
    0x08004dce   0x00000002   PAD
    0x08004dd0   0x00000068   Code   RO         3489    x$fpl$fleqf         fz_ws.l(fleqf.o)
    0x08004e38   0x00000102   Code   RO         3491    x$fpl$fmul          fz_ws.l(fmul.o)
    0x08004f3a   0x0000008c   Code   RO         3537    x$fpl$fnaninf       fz_ws.l(fnaninf.o)
    0x08004fc6   0x0000000a   Code   RO         3539    x$fpl$fretinf       fz_ws.l(fretinf.o)
    0x08004fd0   0x00000062   Code   RO         3493    x$fpl$frleqf        fz_ws.l(frleqf.o)
    0x08005032   0x00000002   PAD
    0x08005034   0x000000ea   Code   RO         3465    x$fpl$fsub          fz_ws.l(faddsub_clz.o)
    0x0800511e   0x00000004   Code   RO         3495    x$fpl$printf1       fz_ws.l(printf1.o)
    0x08005122   0x00000064   Code   RO         3692    x$fpl$retnan        fz_ws.l(retnan.o)
    0x08005186   0x0000005c   Code   RO         3541    x$fpl$scalbn        fz_ws.l(scalbn.o)
    0x080051e2   0x00000030   Code   RO         3700    x$fpl$trapveneer    fz_ws.l(trapv.o)
    0x08005212   0x00000000   Code   RO         3543    x$fpl$usenofp       fz_ws.l(usenofp.o)
    0x08005212   0x00000011   Data   RO         3420    .constdata          c_w.l(__printf_flags_wp.o)
    0x08005223   0x00000005   PAD
    0x08005228   0x00000038   Data   RO         3499    .constdata          m_ws.l(log.o)
    0x08005260   0x00000008   Data   RO         3560    .constdata          m_ws.l(qnan.o)
    0x08005268   0x00000094   Data   RO         3593    .constdata          c_w.l(bigflt0.o)
    0x080052fc   0x00000020   Data   RO         3770    Region$$Table       anon$$obj.o
    0x0800531c   0x0000001c   Data   RO         3621    locale$$data        c_w.l(lc_numeric_c.o)


    Execution Region ER_RW (Base: 0x20000000, Size: 0x000003b4, Max: 0xffffffff, ABSOLUTE, COMPRESSED[0x00000198])

    Base Addr    Size         Type   Attr      Idx    E Section Name        Object

    0x20000000   0x0000004c   Data   RW            4    .data               main.o
    0x2000004c   0x00000018   Data   RW          184    .data               stm32f10x_it.o
    0x20000064   0x00000004   Data   RW          236    .data               delay.o
    0x20000068   0x0000000d   Data   RW          308    .data               usart.o
    0x20000075   0x00000001   PAD
    0x20000076   0x00000004   Data   RW          420    .data               adc.o
    0x2000007a   0x00000015   Data   RW          470    .data               ds1302.o
    0x2000008f   0x00000260   Data   RW          691    .data               oled.o
    0x200002ef   0x00000001   PAD
    0x200002f0   0x00000005   Data   RW          800    .data               max30100.o
    0x200002f5   0x00000003   PAD
    0x200002f8   0x00000014   Data   RW          879    .data               max30100_beatdetector.o
    0x2000030c   0x00000008   Data   RW          936    .data               max30100_filters.o
    0x20000314   0x00000033   Data   RW          991    .data               max30100_pulseoximeter.o
    0x20000347   0x00000001   PAD
    0x20000348   0x0000003d   Data   RW         1076    .data               max30100_spo2calculator.o
    0x20000385   0x00000003   PAD
    0x20000388   0x00000004   Data   RW         1181    .data               timer3.o
    0x2000038c   0x00000014   Data   RW         1208    .data               system_stm32f10x.o
    0x200003a0   0x00000014   Data   RW         2001    .data               stm32f10x_rcc.o


    Execution Region ER_ZI (Base: 0x200003b4, Size: 0x00000a9c, Max: 0xffffffff, ABSOLUTE)

    Base Addr    Size         Type   Attr      Idx    E Section Name        Object

    0x200003b4   0x00000258   Zero   RW            3    .bss                main.o
    0x2000060c   0x00000190   Zero   RW          307    .bss                usart.o
    0x2000079c   0x00000050   Zero   RW          538    .bss                network.o
    0x200007ec   0x00000060   Zero   RW         3633    .bss                c_w.l(libspace.o)
    0x2000084c   0x00000004   PAD
    0x20000850   0x00000200   Zero   RW         1249    HEAP                startup_stm32f10x_hd.o
    0x20000a50   0x00000400   Zero   RW         1248    STACK               startup_stm32f10x_hd.o


==============================================================================

Image component sizes


      Code (inc. data)   RO Data    RW Data    ZI Data      Debug   Object Name

       300         16          0          4          0       1981   adc.o
       240         30          0          4          0       2109   delay.o
       542         56          0         21          0       4573   ds1302.o
        56          6          0          0          0        463   led.o
       880        276          0         76        600     275873   main.o
       438         10          0          5          0       6062   max30100.o
       718        110          0         20          0       4639   max30100_beatdetector.o
       154         22          0          8          0       2189   max30100_filters.o
       710        130          0         51          0       6787   max30100_pulseoximeter.o
       360         64          0         61          0       2534   max30100_spo2calculator.o
       172         22          0          0          0       1997   misc.o
       678        106          0          0          0       4467   myiic.o
         0          0          0          0         80        670   network.o
       102          0          0          0          0        512   nvic.o
       884         62          0        608          0       8119   oled.o
        64         26        304          0       1536        780   startup_stm32f10x_hd.o
       390         10          0          0          0       7197   stm32f10x_adc.o
       416          8          0          0          0       3358   stm32f10x_dma.o
       300          0          0          0          0       3035   stm32f10x_gpio.o
       224         44          0         24          0        924   stm32f10x_it.o
       332         44          0         20          0       5437   stm32f10x_rcc.o
       246         42          0          0          0       3446   stm32f10x_tim.o
       442          6          0          0          0       5989   stm32f10x_usart.o
         0          0          0          0          0         32   sys.o
       328         28          0         20          0       2017   system_stm32f10x.o
        70          0          0          0          0        562   timer.o
       148         20          0          4          0       1691   timer3.o
       600         50          0         13        400       6501   usart.o

    ----------------------------------------------------------------------
      9814       1188        336        948       2616     363944   Object Totals
         0          0         32          0          0          0   (incl. Generated)
        20          0          0          9          0          0   (incl. Padding)

    ----------------------------------------------------------------------

      Code (inc. data)   RO Data    RW Data    ZI Data      Debug   Library Member Name

        90          0          0          0          0          0   __dczerorl2.o
         8          0          0          0          0         68   __main.o
       312          4         17          0          0         92   __printf_flags_wp.o
        14          0          0          0          0         68   __printf_wp.o
         0          0          0          0          0          0   __rtentry.o
        12          0          0          0          0          0   __rtentry2.o
         6          0          0          0          0          0   __rtentry4.o
        52          8          0          0          0          0   __scatter.o
        28          0          0          0          0          0   __scatter_zi.o
        44          0          0          0          0        108   _printf_char.o
        48          6          0          0          0         96   _printf_char_common.o
        36          4          0          0          0         80   _printf_char_file.o
         6          0          0          0          0          0   _printf_d.o
       120         16          0          0          0         92   _printf_dec.o
         6          0          0          0          0          0   _printf_f.o
      1050          0          0          0          0        216   _printf_fp_dec.o
       128         16          0          0          0         84   _printf_fp_infnan.o
       178          0          0          0          0         88   _printf_intcommon.o
         0          0          0          0          0          0   _printf_percent.o
         4          0          0          0          0          0   _printf_percent_end.o
         6          0          0          0          0          0   _printf_s.o
        82          0          0          0          0         80   _printf_str.o
        22          0          0          0          0        100   _rserrno.o
        10          0          0          0          0         68   _sputc.o
       220          4        148          0          0         96   bigflt0.o
      1910        128          0          0          0        672   btod.o
        12          0          0          0          0         72   exit.o
         8          0          0          0          0         68   ferror.o
         6          0          0          0          0        152   heapauxi.o
        44         10         28          0          0         76   lc_numeric_c.o
         2          0          0          0          0          0   libinit.o
        18          0          0          0          0          0   libinit2.o
         2          0          0          0          0          0   libshutdown.o
         2          0          0          0          0          0   libshutdown2.o
         8          4          0          0         96         68   libspace.o
       138          0          0          0          0         80   lludiv10.o
        24          4          0          0          0         84   noretval__2printf.o
        40          6          0          0          0         84   noretval__2sprintf.o
         8          4          0          0          0         68   rt_errno_addr_intlibspace.o
         8          4          0          0          0         68   rt_locale_intlibspace.o
        68          0          0          0          0         68   rt_memclr.o
        78          0          0          0          0         80   rt_memclr_w.o
         2          0          0          0          0          0   rtexit.o
        10          0          0          0          0          0   rtexit2.o
       128          0          0          0          0         68   strcmpv7m.o
        74          0          0          0          0         80   sys_stackheap_outer.o
         2          0          0          0          0         68   use_no_semi.o
         2          0          0          0          0         68   use_no_semi_2.o
        98          4          0          0          0         92   d2f.o
       826         16          0          0          0        348   daddsub_clz.o
        16          4          0          0          0         68   dcheck1.o
        24          0          0          0          0         68   dcmpi.o
       688        140          0          0          0        208   ddiv.o
       120          4          0          0          0         92   deqf.o
        84          0          0          0          0        136   dflt_clz.o
       120          4          0          0          0         92   dleqf.o
       340         12          0          0          0        104   dmul.o
       156          4          0          0          0         92   dnaninf.o
        12          0          0          0          0         68   dretinf.o
       108          0          0          0          0         80   drleqf.o
        86          4          0          0          0         84   f2d.o
       430          8          0          0          0        168   faddsub_clz.o
        24          0          0          0          0         68   fcmpi.o
       388         76          0          0          0         96   fdiv.o
       104          4          0          0          0         84   feqf.o
        54          4          0          0          0         84   ffix.o
        62          4          0          0          0         84   ffixu.o
        86          0          0          0          0        136   fflt_clz.o
       104          4          0          0          0         84   fleqf.o
       258          4          0          0          0         84   fmul.o
       140          4          0          0          0         84   fnaninf.o
        10          0          0          0          0         68   fretinf.o
        98          0          0          0          0         68   frleqf.o
         4          0          0          0          0         68   printf1.o
       100          0          0          0          0         68   retnan.o
        92          0          0          0          0         68   scalbn.o
        48          0          0          0          0         68   trapv.o
         0          0          0          0          0          0   usenofp.o
        34          4          0          0          0        204   dunder.o
        40          0          0          0          0         68   fpclassify.o
       860         52         56          0          0        256   log.o
       170          0          0          0          0         96   poly.o
         0          0          8          0          0          0   qnan.o

    ----------------------------------------------------------------------
     10892        574        262          0        100       6796   Library Totals
        32          0          5          0          4          0   (incl. Padding)

    ----------------------------------------------------------------------

      Code (inc. data)   RO Data    RW Data    ZI Data      Debug   Library Name

      5076        218        193          0         96       3260   c_w.l
      4680        300          0          0          0       2912   fz_ws.l
      1104         56         64          0          0        624   m_ws.l

    ----------------------------------------------------------------------
     10892        574        262          0        100       6796   Library Totals

    ----------------------------------------------------------------------

==============================================================================


      Code (inc. data)   RO Data    RW Data    ZI Data      Debug   

     20706       1762        598        948       2716     360752   Grand Totals
     20706       1762        598        408       2716     360752   ELF Image Totals (compressed)
     20706       1762        598        408          0          0   ROM Totals

==============================================================================

    Total RO  Size (Code + RO Data)                21304 (  20.80kB)
    Total RW  Size (RW Data + ZI Data)              3664 (   3.58kB)
    Total ROM Size (Code + RO Data + RW Data)      21712 (  21.20kB)

==============================================================================

